Component: ARM Compiler 5.06 update 6 (build 750) Tool: armlink [4d35ed]

==============================================================================

Section Cross References

    startup_stm32l051xx.o(RESET) refers to startup_stm32l051xx.o(STACK) for __initial_sp
    startup_stm32l051xx.o(RESET) refers to startup_stm32l051xx.o(.text) for Reset_Handler
    startup_stm32l051xx.o(RESET) refers to stm32l0xx_it.o(i.NMI_Handler) for NMI_Handler
    startup_stm32l051xx.o(RESET) refers to stm32l0xx_it.o(i.HardFault_Handler) for HardFault_Handler
    startup_stm32l051xx.o(RESET) refers to stm32l0xx_it.o(i.SVC_Handler) for SVC_Handler
    startup_stm32l051xx.o(RESET) refers to stm32l0xx_it.o(i.PendSV_Handler) for PendSV_Handler
    startup_stm32l051xx.o(RESET) refers to stm32l0xx_it.o(i.SysTick_Handler) for SysTick_Handler
    startup_stm32l051xx.o(RESET) refers to stm32l0xx_it.o(i.RTC_IRQHandler) for RTC_IRQHandler
    startup_stm32l051xx.o(RESET) refers to stm32l0xx_it.o(i.EXTI4_15_IRQHandler) for EXTI4_15_IRQHandler
    startup_stm32l051xx.o(RESET) refers to stm32l0xx_it.o(i.TIM2_IRQHandler) for TIM2_IRQHandler
    startup_stm32l051xx.o(.text) refers to system_stm32l0xx.o(i.SystemInit) for SystemInit
    startup_stm32l051xx.o(.text) refers to entry.o(.ARM.Collect$$$$00000000) for __main
    main_app.o(i.app_lora_config_init) refers to sx127x_driver.o(i.SX127X_Lora_init) for SX127X_Lora_init
    main_app.o(i.app_lora_config_init) refers to printf8.o(i.__0printf$8) for __2printf
    main_app.o(i.app_lora_config_init) refers to stm32l0xx_hal.o(i.HAL_Delay) for HAL_Delay
    main_app.o(i.app_lora_config_init) refers to main_app.o(.data) for .data
    main_app.o(i.app_lora_config_init) refers to sx127x_driver.o(.data) for G_LoRaConfig
    main_app.o(i.check_factory_parameter) refers to bsp_eeprom.o(i.EEPROM_ReadBytes) for EEPROM_ReadBytes
    main_app.o(i.check_factory_parameter) refers to printf8.o(i.__0printf$8) for __2printf
    main_app.o(i.check_factory_parameter) refers to main_app.o(.data) for .data
    main_app.o(i.check_key_password) refers to main_app.o(i.key_password_set) for key_password_set
    main_app.o(i.check_key_password) refers to stm32l0xx_hal.o(i.HAL_Delay) for HAL_Delay
    main_app.o(i.check_key_password) refers to speak_hal.o(i.Line_1A_WT588S) for Line_1A_WT588S
    main_app.o(i.check_key_password) refers to printf8.o(i.__0printf$8) for __2printf
    main_app.o(i.check_key_password) refers to main_app.o(.bss) for .bss
    main_app.o(i.check_key_password) refers to main_app.o(.data) for .data
    main_app.o(i.check_rung_state) refers to main_app.o(i.rang_runing) for rang_runing
    main_app.o(i.check_rung_state) refers to main_app.o(i.fangchai_runing) for fangchai_runing
    main_app.o(i.check_rung_state) refers to printf8.o(i.__0printf$8) for __2printf
    main_app.o(i.check_rung_state) refers to stm32l0xx_hal_cortex.o(i.HAL_NVIC_SystemReset) for HAL_NVIC_SystemReset
    main_app.o(i.check_rung_state) refers to sx127x_driver.o(i.SX127X_StandbyMode) for SX127X_StandbyMode
    main_app.o(i.check_rung_state) refers to main_app.o(i.pin_pack) for pin_pack
    main_app.o(i.check_rung_state) refers to sx127x_driver.o(i.SX127X_TxPacket) for SX127X_TxPacket
    main_app.o(i.check_rung_state) refers to speak_hal.o(i.Line_1A_WT588S) for Line_1A_WT588S
    main_app.o(i.check_rung_state) refers to stm32l0xx_hal_gpio.o(i.HAL_GPIO_WritePin) for HAL_GPIO_WritePin
    main_app.o(i.check_rung_state) refers to stm32l0xx_hal.o(i.HAL_Delay) for HAL_Delay
    main_app.o(i.check_rung_state) refers to main.o(i.sleep_open) for sleep_open
    main_app.o(i.check_rung_state) refers to main_app.o(.data) for .data
    main_app.o(i.check_rung_state) refers to main.o(.data) for password_key_value
    main_app.o(i.check_rung_state) refers to sx127x_driver.o(.data) for G_LoRaConfig
    main_app.o(i.check_rung_state) refers to main_app.o(.bss) for .bss
    main_app.o(i.chuchang_lora_process) refers to sx127x_driver.o(i.DIO0_GetState) for DIO0_GetState
    main_app.o(i.chuchang_lora_process) refers to sx127x_driver.o(i.SX127X_Read) for SX127X_Read
    main_app.o(i.chuchang_lora_process) refers to sx127x_driver.o(i.SX127X_Write) for SX127X_Write
    main_app.o(i.chuchang_lora_process) refers to sx127x_driver.o(i.SX127X_StandbyMode) for SX127X_StandbyMode
    main_app.o(i.chuchang_lora_process) refers to sx127x_driver.o(i.SX127X_RxPacket) for SX127X_RxPacket
    main_app.o(i.chuchang_lora_process) refers to bsp_eeprom.o(i.EEPROM_WriteBytes) for EEPROM_WriteBytes
    main_app.o(i.chuchang_lora_process) refers to sx127x_driver.o(i.SX127X_StartRx) for SX127X_StartRx
    main_app.o(i.chuchang_lora_process) refers to main_app.o(.data) for .data
    main_app.o(i.chuchang_lora_process) refers to sx127x_driver.o(.data) for G_LoRaConfig
    main_app.o(i.chuchang_lora_process) refers to main_app.o(.bss) for .bss
    main_app.o(i.factory_parameter_set) refers to main_app.o(i.__ARM_common_switch8) for __ARM_common_switch8
[...]
    Removing sx127x_driver.o(i.SX127X_InitIo), (34 bytes).
    Removing sx127x_driver.o(i.SX127X_WORInit), (8 bytes).
    Removing sx127x_driver.o(i.SX127X_WOR_Execute), (30 bytes).
    Removing sx127x_driver.o(i.SX127X_WOR_Exit), (88 bytes).
    Removing sx127x_driver.o(i.SX127X_WriteFifo), (14 bytes).
    Removing sx127x_driver.o(i.SX127x_Fsk_init), (84 bytes).
    Removing sx127x_driver.o(.constdata), (146 bytes).
    Removing sx127x_hal.o(.rev16_text), (4 bytes).
    Removing sx127x_hal.o(.revsh_text), (4 bytes).
    Removing sx127x_hal.o(i.DIO0_STATE), (16 bytes).
    Removing sx127x_hal.o(i.SX127X_DIO0_INPUT), (2 bytes).
    Removing sx127x_hal.o(i.SX127X_DIO0_INTDISABLE), (2 bytes).
    Removing sx127x_hal.o(i.SX127X_DIO0_INTENABLE), (2 bytes).
    Removing sx127x_hal.o(i.SX127X_DIO1_INPUT), (2 bytes).
    Removing sx127x_hal.o(i.SX127X_DIO2_INPUT), (2 bytes).
    Removing sx127x_hal.o(i.SX127X_RESET_OUTPUT), (2 bytes).
    Removing key_hal.o(.rev16_text), (4 bytes).
    Removing key_hal.o(.revsh_text), (4 bytes).
    Removing key_hal.o(i.get_key1), (16 bytes).
    Removing key_hal.o(i.get_key2), (16 bytes).
    Removing key_hal.o(i.get_key3), (16 bytes).
    Removing key_hal.o(i.get_rang_key), (16 bytes).
    Removing key_hal.o(.data), (1 bytes).
    Removing bsp_eeprom.o(.rev16_text), (4 bytes).
    Removing bsp_eeprom.o(.revsh_text), (4 bytes).
    Removing bsp_eeprom.o(i.EEPROM_CheckOk), (24 bytes).
    Removing bsp_eeprom.o(i.I2C_CheckDevice), (32 bytes).
    Removing speak_hal.o(.rev16_text), (4 bytes).
    Removing speak_hal.o(.revsh_text), (4 bytes).
    Removing speak_hal.o(i.play_music), (2 bytes).
    Removing speak_hal.o(i.play_music_com), (84 bytes).
    Removing speak_hal.o(i.read_music_pin), (16 bytes).
    Removing speak_hal.o(.data), (1 bytes).
    Removing dadd.o(.text), (356 bytes).
    Removing dmul.o(.text), (208 bytes).
    Removing dfixul.o(.text), (64 bytes).
    Removing cdrcmple.o(.text), (40 bytes).

633 unused section(s) (total 43421 bytes) removed from the image.

==============================================================================

Image Symbol Table

    Local Symbols

    Symbol Name                              Value     Ov Type        Size  Object(Section)

    ../Drivers/STM32L0xx_HAL_Driver/Src/stm32l0xx_hal.c 0x00000000   Number         0  stm32l0xx_hal.o ABSOLUTE
    ../Drivers/STM32L0xx_HAL_Driver/Src/stm32l0xx_hal_adc.c 0x00000000   Number         0  stm32l0xx_hal_adc.o ABSOLUTE
    ../Drivers/STM32L0xx_HAL_Driver/Src/stm32l0xx_hal_adc_ex.c 0x00000000   Number         0  stm32l0xx_hal_adc_ex.o ABSOLUTE
    ../Drivers/STM32L0xx_HAL_Driver/Src/stm32l0xx_hal_cortex.c 0x00000000   Number         0  stm32l0xx_hal_cortex.o ABSOLUTE
    ../Drivers/STM32L0xx_HAL_Driver/Src/stm32l0xx_hal_dma.c 0x00000000   Number         0  stm32l0xx_hal_dma.o ABSOLUTE
    ../Drivers/STM32L0xx_HAL_Driver/Src/stm32l0xx_hal_flash.c 0x00000000   Number         0  stm32l0xx_hal_flash.o ABSOLUTE
    ../Drivers/STM32L0xx_HAL_Driver/Src/stm32l0xx_hal_flash_ex.c 0x00000000   Number         0  stm32l0xx_hal_flash_ex.o ABSOLUTE
    ../Drivers/STM32L0xx_HAL_Driver/Src/stm32l0xx_hal_flash_ramfunc.c 0x00000000   Number         0  stm32l0xx_hal_flash_ramfunc.o ABSOLUTE
    ../Drivers/STM32L0xx_HAL_Driver/Src/stm32l0xx_hal_gpio.c 0x00000000   Number         0  stm32l0xx_hal_gpio.o ABSOLUTE
    ../Drivers/STM32L0xx_HAL_Driver/Src/stm32l0xx_hal_i2c.c 0x00000000   Number         0  stm32l0xx_hal_i2c.o ABSOLUTE
    ../Drivers/STM32L0xx_HAL_Driver/Src/stm32l0xx_hal_i2c_ex.c 0x00000000   Number         0  stm32l0xx_hal_i2c_ex.o ABSOLUTE
    ../Drivers/STM32L0xx_HAL_Driver/Src/stm32l0xx_hal_pwr.c 0x00000000   Number         0  stm32l0xx_hal_pwr.o ABSOLUTE
    ../Drivers/STM32L0xx_HAL_Driver/Src/stm32l0xx_hal_pwr_ex.c 0x00000000   Number         0  stm32l0xx_hal_pwr_ex.o ABSOLUTE
    ../Drivers/STM32L0xx_HAL_Driver/Src/stm32l0xx_hal_rcc.c 0x00000000   Number         0  stm32l0xx_hal_rcc.o ABSOLUTE
    ../Drivers/STM32L0xx_HAL_Driver/Src/stm32l0xx_hal_rcc_ex.c 0x00000000   Number         0  stm32l0xx_hal_rcc_ex.o ABSOLUTE
    ../Drivers/STM32L0xx_HAL_Driver/Src/stm32l0xx_hal_rtc.c 0x00000000   Number         0  stm32l0xx_hal_rtc.o ABSOLUTE
    ../Drivers/STM32L0xx_HAL_Driver/Src/stm32l0xx_hal_rtc_ex.c 0x00000000   Number         0  stm32l0xx_hal_rtc_ex.o ABSOLUTE
    ../Drivers/STM32L0xx_HAL_Driver/Src/stm32l0xx_hal_spi.c 0x00000000   Number         0  stm32l0xx_hal_spi.o ABSOLUTE
    ../Drivers/STM32L0xx_HAL_Driver/Src/stm32l0xx_hal_tim.c 0x00000000   Number         0  stm32l0xx_hal_tim.o ABSOLUTE
    ../Drivers/STM32L0xx_HAL_Driver/Src/stm32l0xx_hal_tim_ex.c 0x00000000   Number         0  stm32l0xx_hal_tim_ex.o ABSOLUTE
    ../Drivers/STM32L0xx_HAL_Driver/Src/stm32l0xx_hal_uart.c 0x00000000   Number         0  stm32l0xx_hal_uart.o ABSOLUTE
    ../Drivers/STM32L0xx_HAL_Driver/Src/stm32l0xx_hal_uart_ex.c 0x00000000   Number         0  stm32l0xx_hal_uart_ex.o ABSOLUTE
    ../Src/adc.c                             0x00000000   Number         0  adc.o ABSOLUTE
    ../Src/gpio.c                            0x00000000   Number         0  gpio.o ABSOLUTE
    ../Src/main.c                            0x00000000   Number         0  main.o ABSOLUTE
    ../Src/rtc.c                             0x00000000   Number         0  rtc.o ABSOLUTE
    ../Src/spi.c                             0x00000000   Number         0  spi.o ABSOLUTE
    ../Src/stm32l0xx_hal_msp.c               0x00000000   Number         0  stm32l0xx_hal_msp.o ABSOLUTE
    ../Src/stm32l0xx_hal_timebase_tim.c      0x00000000   Number         0  stm32l0xx_hal_timebase_tim.o ABSOLUTE
    ../Src/stm32l0xx_it.c                    0x00000000   Number         0  stm32l0xx_it.o ABSOLUTE
    ../Src/system_stm32l0xx.c                0x00000000   Number         0  system_stm32l0xx.o ABSOLUTE
    ../Src/usart.c                           0x00000000   Number         0  usart.o ABSOLUTE
    ../clib/microlib/division.c              0x00000000   Number         0  uidiv.o ABSOLUTE
    ../clib/microlib/division.c              0x00000000   Number         0  uldiv.o ABSOLUTE
    ../clib/microlib/init/entry.s            0x00000000   Number         0  entry8a.o ABSOLUTE
    ../clib/microlib/init/entry.s            0x00000000   Number         0  entry8b.o ABSOLUTE
    ../clib/microlib/init/entry.s            0x00000000   Number         0  entry7b.o ABSOLUTE
    ../clib/microlib/init/entry.s            0x00000000   Number         0  entry7a.o ABSOLUTE
    ../clib/microlib/init/entry.s            0x00000000   Number         0  entry.o ABSOLUTE
    ../clib/microlib/init/entry.s            0x00000000   Number         0  entry5.o ABSOLUTE
    ../clib/microlib/init/entry.s            0x00000000   Number         0  entry9a.o ABSOLUTE
    ../clib/microlib/init/entry.s            0x00000000   Number         0  entry2.o ABSOLUTE
    ../clib/microlib/init/entry.s            0x00000000   Number         0  entry11b.o ABSOLUTE
    ../clib/microlib/init/entry.s            0x00000000   Number         0  entry9b.o ABSOLUTE
    ../clib/microlib/init/entry.s            0x00000000   Number         0  entry10a.o ABSOLUTE
    ../clib/microlib/init/entry.s            0x00000000   Number         0  entry10b.o ABSOLUTE
    ../clib/microlib/init/entry.s            0x00000000   Number         0  entry11a.o ABSOLUTE
    ../clib/microlib/longlong.c              0x00000000   Number         0  llsshr.o ABSOLUTE
    ../clib/microlib/longlong.c              0x00000000   Number         0  llushr.o ABSOLUTE
    ../clib/microlib/longlong.c              0x00000000   Number         0  llshl.o ABSOLUTE
    ../clib/microlib/printf/printf.c         0x00000000   Number         0  printf7.o ABSOLUTE
    ../clib/microlib/printf/printf.c         0x00000000   Number         0  printf6.o ABSOLUTE
    ../clib/microlib/printf/printf.c         0x00000000   Number         0  printf5.o ABSOLUTE
    ../clib/microlib/printf/printf.c         0x00000000   Number         0  printf4.o ABSOLUTE
    ../clib/microlib/printf/printf.c         0x00000000   Number         0  printf2.o ABSOLUTE
    ../clib/microlib/printf/printf.c         0x00000000   Number         0  printf1.o ABSOLUTE
    ../clib/microlib/printf/printf.c         0x00000000   Number         0  printf0.o ABSOLUTE
    ../clib/microlib/printf/printf.c         0x00000000   Number         0  printfb.o ABSOLUTE
    ../clib/microlib/printf/printf.c         0x00000000   Number         0  printf3.o ABSOLUTE
    ../clib/microlib/printf/printf.c         0x00000000   Number         0  printfa.o ABSOLUTE
    ../clib/microlib/printf/printf.c         0x00000000   Number         0  printf8.o ABSOLUTE
    ../clib/microlib/printf/stubs.s          0x00000000   Number         0  stubs.o ABSOLUTE
    ../clib/microlib/stdio/streams.c         0x00000000   Number         0  stdout.o ABSOLUTE
    ../clib/microlib/string/memset.c         0x00000000   Number         0  memseta.o ABSOLUTE
    ../clib/microlib/string/strlen.c         0x00000000   Number         0  strlen.o ABSOLUTE
    ../clib/microlib/stubs.s                 0x00000000   Number         0  iusefp.o ABSOLUTE
    ../fplib/microlib/fpadd.c                0x00000000   Number         0  dadd.o ABSOLUTE
    ../fplib/microlib/fpdiv.c                0x00000000   Number         0  fdiv.o ABSOLUTE
    ../fplib/microlib/fpdiv.c                0x00000000   Number         0  ddiv.o ABSOLUTE
    ../fplib/microlib/fpepilogue.c           0x00000000   Number         0  depilogue.o ABSOLUTE
    ../fplib/microlib/fpepilogue.c           0x00000000   Number         0  fepilogue.o ABSOLUTE
    ../fplib/microlib/fpfix.c                0x00000000   Number         0  dfixul.o ABSOLUTE
    ../fplib/microlib/fpfix.c                0x00000000   Number         0  dfixui.o ABSOLUTE
    ../fplib/microlib/fpflt.c                0x00000000   Number         0  dfltui.o ABSOLUTE
    ../fplib/microlib/fpflt.c                0x00000000   Number         0  fflti.o ABSOLUTE
    ../fplib/microlib/fpmul.c                0x00000000   Number         0  dmul.o ABSOLUTE
    ..\Drivers\STM32L0xx_HAL_Driver\Src\stm32l0xx_hal.c 0x00000000   Number         0  stm32l0xx_hal.o ABSOLUTE
    ..\Drivers\STM32L0xx_HAL_Driver\Src\stm32l0xx_hal_adc.c 0x00000000   Number         0  stm32l0xx_hal_adc.o ABSOLUTE
    ..\Drivers\STM32L0xx_HAL_Driver\Src\stm32l0xx_hal_adc_ex.c 0x00000000   Number         0  stm32l0xx_hal_adc_ex.o ABSOLUTE
    ..\Drivers\STM32L0xx_HAL_Driver\Src\stm32l0xx_hal_cortex.c 0x00000000   Number         0  stm32l0xx_hal_cortex.o ABSOLUTE
    ..\Drivers\STM32L0xx_HAL_Driver\Src\stm32l0xx_hal_dma.c 0x00000000   Number         0  stm32l0xx_hal_dma.o ABSOLUTE
    ..\Drivers\STM32L0xx_HAL_Driver\Src\stm32l0xx_hal_flash.c 0x00000000   Number         0  stm32l0xx_hal_flash.o ABSOLUTE
    ..\Drivers\STM32L0xx_HAL_Driver\Src\stm32l0xx_hal_flash_ex.c 0x00000000   Number         0  stm32l0xx_hal_flash_ex.o ABSOLUTE
    ..\Drivers\STM32L0xx_HAL_Driver\Src\stm32l0xx_hal_flash_ramfunc.c 0x00000000   Number         0  stm32l0xx_hal_flash_ramfunc.o ABSOLUTE
    ..\Drivers\STM32L0xx_HAL_Driver\Src\stm32l0xx_hal_gpio.c 0x00000000   Number         0  stm32l0xx_hal_gpio.o ABSOLUTE
    ..\Drivers\STM32L0xx_HAL_Driver\Src\stm32l0xx_hal_i2c.c 0x00000000   Number         0  stm32l0xx_hal_i2c.o ABSOLUTE
    ..\Drivers\STM32L0xx_HAL_Driver\Src\stm32l0xx_hal_i2c_ex.c 0x00000000   Number         0  stm32l0xx_hal_i2c_ex.o ABSOLUTE
    ..\Drivers\STM32L0xx_HAL_Driver\Src\stm32l0xx_hal_pwr.c 0x00000000   Number         0  stm32l0xx_hal_pwr.o ABSOLUTE
    ..\Drivers\STM32L0xx_HAL_Driver\Src\stm32l0xx_hal_pwr_ex.c 0x00000000   Number         0  stm32l0xx_hal_pwr_ex.o ABSOLUTE
    ..\Drivers\STM32L0xx_HAL_Driver\Src\stm32l0xx_hal_rcc.c 0x00000000   Number         0  stm32l0xx_hal_rcc.o ABSOLUTE
    ..\Drivers\STM32L0xx_HAL_Driver\Src\stm32l0xx_hal_rcc_ex.c 0x00000000   Number         0  stm32l0xx_hal_rcc_ex.o ABSOLUTE
    ..\Drivers\STM32L0xx_HAL_Driver\Src\stm32l0xx_hal_rtc.c 0x00000000   Number         0  stm32l0xx_hal_rtc.o ABSOLUTE
    ..\Drivers\STM32L0xx_HAL_Driver\Src\stm32l0xx_hal_rtc_ex.c 0x00000000   Number         0  stm32l0xx_hal_rtc_ex.o ABSOLUTE
    ..\Drivers\STM32L0xx_HAL_Driver\Src\stm32l0xx_hal_spi.c 0x00000000   Number         0  stm32l0xx_hal_spi.o ABSOLUTE
    ..\Drivers\STM32L0xx_HAL_Driver\Src\stm32l0xx_hal_tim.c 0x00000000   Number         0  stm32l0xx_hal_tim.o ABSOLUTE
    ..\Drivers\STM32L0xx_HAL_Driver\Src\stm32l0xx_hal_tim_ex.c 0x00000000   Number         0  stm32l0xx_hal_tim_ex.o ABSOLUTE
    ..\Drivers\STM32L0xx_HAL_Driver\Src\stm32l0xx_hal_uart.c 0x00000000   Number         0  stm32l0xx_hal_uart.o ABSOLUTE
    ..\Drivers\STM32L0xx_HAL_Driver\Src\stm32l0xx_hal_uart_ex.c 0x00000000   Number         0  stm32l0xx_hal_uart_ex.o ABSOLUTE
    ..\Src\adc.c                             0x00000000   Number         0  adc.o ABSOLUTE
    ..\Src\gpio.c                            0x00000000   Number         0  gpio.o ABSOLUTE
    ..\Src\main.c                            0x00000000   Number         0  main.o ABSOLUTE
    ..\Src\main_app.c                        0x00000000   Number         0  main_app.o ABSOLUTE
    ..\Src\rtc.c                             0x00000000   Number         0  rtc.o ABSOLUTE
    ..\Src\spi.c                             0x00000000   Number         0  spi.o ABSOLUTE
    ..\Src\stm32l0xx_hal_msp.c               0x00000000   Number         0  stm32l0xx_hal_msp.o ABSOLUTE
    ..\Src\stm32l0xx_hal_timebase_tim.c      0x00000000   Number         0  stm32l0xx_hal_timebase_tim.o ABSOLUTE
    ..\Src\stm32l0xx_it.c                    0x00000000   Number         0  stm32l0xx_it.o ABSOLUTE
    ..\Src\system_stm32l0xx.c                0x00000000   Number         0  system_stm32l0xx.o ABSOLUTE
    ..\Src\usart.c                           0x00000000   Number         0  usart.o ABSOLUTE
    ..\\Src\\main_app.c                      0x00000000   Number         0  main_app.o ABSOLUTE
    ..\\bsp\\DEBUG_USART_HAL.c               0x00000000   Number         0  debug_usart_hal.o ABSOLUTE
    ..\\bsp\\SX127X_Driver.c                 0x00000000   Number         0  sx127x_driver.o ABSOLUTE
    ..\\bsp\\SX127X_Hal.c                    0x00000000   Number         0  sx127x_hal.o ABSOLUTE
    ..\\bsp\\bsp_EEPROM.c                    0x00000000   Number         0  bsp_eeprom.o ABSOLUTE
    ..\\bsp\\key_hal.c                       0x00000000   Number         0  key_hal.o ABSOLUTE
    ..\\bsp\\speak_hal.c                     0x00000000   Number         0  speak_hal.o ABSOLUTE
    ..\bsp\DEBUG_USART_HAL.c                 0x00000000   Number         0  debug_usart_hal.o ABSOLUTE
    ..\bsp\SX127X_Driver.c                   0x00000000   Number         0  sx127x_driver.o ABSOLUTE
    ..\bsp\SX127X_Hal.c                      0x00000000   Number         0  sx127x_hal.o ABSOLUTE
    ..\bsp\bsp_EEPROM.c                      0x00000000   Number         0  bsp_eeprom.o ABSOLUTE
    ..\bsp\key_hal.c                         0x00000000   Number         0  key_hal.o ABSOLUTE
    ..\bsp\speak_hal.c                       0x00000000   Number         0  speak_hal.o ABSOLUTE
    cdrcmple.s                               0x00000000   Number         0  cdrcmple.o ABSOLUTE
    dc.s                                     0x00000000   Number         0  dc.o ABSOLUTE
    handlers.s                               0x00000000   Number         0  handlers.o ABSOLUTE
    init.s                                   0x00000000   Number         0  init.o ABSOLUTE
    startup_stm32l051xx.s                    0x00000000   Number         0  startup_stm32l051xx.o ABSOLUTE
    RESET                                    0x08000000   Section      192  startup_stm32l051xx.o(RESET)
    .ARM.Collect$$$$00000000                 0x080000c0   Section        0  entry.o(.ARM.Collect$$$$00000000)
    .ARM.Collect$$$$00000001                 0x080000c0   Section        4  entry2.o(.ARM.Collect$$$$00000001)
    .ARM.Collect$$$$00000004                 0x080000c4   Section        4  entry5.o(.ARM.Collect$$$$00000004)
    .ARM.Collect$$$$00000008                 0x080000c8   Section        0  entry7b.o(.ARM.Collect$$$$00000008)
    .ARM.Collect$$$$0000000A                 0x080000c8   Section        0  entry8b.o(.ARM.Collect$$$$0000000A)
    .ARM.Collect$$$$0000000B                 0x080000c8   Section        8  entry9a.o(.ARM.Collect$$$$0000000B)
    .ARM.Collect$$$$0000000D                 0x080000d0   Section        0  entry10a.o(.ARM.Collect$$$$0000000D)
    .ARM.Collect$$$$0000000F                 0x080000d0   Section        0  entry11a.o(.ARM.Collect$$$$0000000F)
    .ARM.Collect$$$$00002712                 0x080000d0   Section        4  entry2.o(.ARM.Collect$$$$00002712)
    __lit__00000000                          0x080000d0   Data           4  entry2.o(.ARM.Collect$$$$00002712)
    .text                                    0x080000d4   Section       28  startup_stm32l051xx.o(.text)
    .text                                    0x080000f0   Section        0  uidiv.o(.text)
    .text                                    0x0800011c   Section        0  uldiv.o(.text)
    .text                                    0x0800017c   Section        0  memseta.o(.text)
    .text                                    0x080001a0   Section        0  strlen.o(.text)
    .text                                    0x080001ae   Section        0  fdiv.o(.text)
    .text                                    0x0800022c   Section        0  ddiv.o(.text)
    .text                                    0x0800031c   Section        0  fflti.o(.text)
    .text                                    0x08000334   Section        0  dfltui.o(.text)
    .text                                    0x08000350   Section        0  dfixui.o(.text)
    .text                                    0x0800038c   Section        0  llshl.o(.text)
    .text                                    0x080003ac   Section        0  llushr.o(.text)
    .text                                    0x080003ce   Section        0  fepilogue.o(.text)
    .text                                    0x080003ce   Section        0  iusefp.o(.text)
    .text                                    0x08000450   Section        0  depilogue.o(.text)
    .text                                    0x08000510   Section       36  init.o(.text)
    i.ADC_DelayMicroSecond                   0x08000534   Section        0  stm32l0xx_hal_adc.o(i.ADC_DelayMicroSecond)
    ADC_DelayMicroSecond                     0x08000535   Thumb Code    28  stm32l0xx_hal_adc.o(i.ADC_DelayMicroSecond)
    i.DIO0_GetState                          0x08000558   Section        0  sx127x_driver.o(i.DIO0_GetState)
    i.EEPROM_ReadBytes                       0x08000560   Section        0  bsp_eeprom.o(i.EEPROM_ReadBytes)
    i.EEPROM_WriteBytes                      0x080005cc   Section        0  bsp_eeprom.o(i.EEPROM_WriteBytes)
    i.EXTI4_15_IRQHandler                    0x08000644   Section        0  stm32l0xx_it.o(i.EXTI4_15_IRQHandler)
    i.Error_Handler                          0x08000670   Section        0  main.o(i.Error_Handler)
    i.HAL_ADC_ConfigChannel                  0x08000674   Section        0  stm32l0xx_hal_adc.o(i.HAL_ADC_ConfigChannel)
    i.HAL_ADC_Init                           0x08000708   Section        0  stm32l0xx_hal_adc.o(i.HAL_ADC_Init)
    i.HAL_ADC_MspInit                        0x080008d0   Section        0  adc.o(i.HAL_ADC_MspInit)
    i.HAL_Delay                              0x08000920   Section        0  stm32l0xx_hal.o(i.HAL_Delay)
    i.HAL_GPIO_DeInit                        0x0800093c   Section        0  stm32l0xx_hal_gpio.o(i.HAL_GPIO_DeInit)
    i.HAL_GPIO_EXTI_Callback                 0x08000a20   Section        0  key_hal.o(i.HAL_GPIO_EXTI_Callback)
    i.HAL_GPIO_EXTI_IRQHandler               0x08000b94   Section        0  stm32l0xx_hal_gpio.o(i.HAL_GPIO_EXTI_IRQHandler)
    i.HAL_GPIO_Init                          0x08000bac   Section        0  stm32l0xx_hal_gpio.o(i.HAL_GPIO_Init)
    i.HAL_GPIO_ReadPin                       0x08000d24   Section        0  stm32l0xx_hal_gpio.o(i.HAL_GPIO_ReadPin)
    i.HAL_GPIO_TogglePin                     0x08000d2e   Section        0  stm32l0xx_hal_gpio.o(i.HAL_GPIO_TogglePin)
    i.HAL_GPIO_WritePin                      0x08000d36   Section        0  stm32l0xx_hal_gpio.o(i.HAL_GPIO_WritePin)
    i.HAL_GetTick                            0x08000d44   Section        0  stm32l0xx_hal.o(i.HAL_GetTick)
    i.HAL_IncTick                            0x08000d50   Section        0  stm32l0xx_hal.o(i.HAL_IncTick)
    i.HAL_Init                               0x08000d60   Section        0  stm32l0xx_hal.o(i.HAL_Init)
    i.HAL_InitTick                           0x08000d88   Section        0  stm32l0xx_hal_timebase_tim.o(i.HAL_InitTick)
    i.HAL_MspInit                            0x08000df8   Section        0  stm32l0xx_hal_msp.o(i.HAL_MspInit)
    i.HAL_NVIC_EnableIRQ                     0x08000e10   Section        0  stm32l0xx_hal_cortex.o(i.HAL_NVIC_EnableIRQ)
    i.HAL_NVIC_SetPriority                   0x08000e24   Section        0  stm32l0xx_hal_cortex.o(i.HAL_NVIC_SetPriority)
    i.HAL_NVIC_SystemReset                   0x08000e2c   Section        0  stm32l0xx_hal_cortex.o(i.HAL_NVIC_SystemReset)
    i.HAL_PWREx_EnableFastWakeUp             0x08000e48   Section        0  stm32l0xx_hal_pwr_ex.o(i.HAL_PWREx_EnableFastWakeUp)
    i.HAL_PWREx_EnableUltraLowPower          0x08000e58   Section        0  stm32l0xx_hal_pwr_ex.o(i.HAL_PWREx_EnableUltraLowPower)
    i.HAL_PWR_EnterSTOPMode                  0x08000e68   Section        0  stm32l0xx_hal_pwr.o(i.HAL_PWR_EnterSTOPMode)
    i.HAL_RCCEx_PeriphCLKConfig              0x08000e9c   Section        0  stm32l0xx_hal_rcc_ex.o(i.HAL_RCCEx_PeriphCLKConfig)
    i.HAL_RCC_CSSCallback                    0x08001000   Section        0  stm32l0xx_hal_rcc.o(i.HAL_RCC_CSSCallback)
    i.HAL_RCC_ClockConfig                    0x08001004   Section        0  stm32l0xx_hal_rcc.o(i.HAL_RCC_ClockConfig)
    i.HAL_RCC_EnableCSS                      0x08001170   Section        0  stm32l0xx_hal_rcc.o(i.HAL_RCC_EnableCSS)
    i.HAL_RCC_GetClockConfig                 0x08001184   Section        0  stm32l0xx_hal_rcc.o(i.HAL_RCC_GetClockConfig)
    i.HAL_RCC_GetPCLK1Freq                   0x080011c4   Section        0  stm32l0xx_hal_rcc.o(i.HAL_RCC_GetPCLK1Freq)
    i.HAL_RCC_GetPCLK2Freq                   0x080011e4   Section        0  stm32l0xx_hal_rcc.o(i.HAL_RCC_GetPCLK2Freq)
    i.HAL_RCC_GetSysClockFreq                0x08001204   Section        0  stm32l0xx_hal_rcc.o(i.HAL_RCC_GetSysClockFreq)
    i.HAL_RCC_NMI_IRQHandler                 0x0800127c   Section        0  stm32l0xx_hal_rcc.o(i.HAL_RCC_NMI_IRQHandler)
    i.HAL_RCC_OscConfig                      0x08001294   Section        0  stm32l0xx_hal_rcc.o(i.HAL_RCC_OscConfig)
    i.HAL_RTCEx_WakeUpTimerEventCallback     0x080016b0   Section        0  stm32l0xx_hal_rtc_ex.o(i.HAL_RTCEx_WakeUpTimerEventCallback)
    i.HAL_RTCEx_WakeUpTimerIRQHandler        0x080016b4   Section        0  stm32l0xx_hal_rtc_ex.o(i.HAL_RTCEx_WakeUpTimerIRQHandler)
    i.HAL_SPI_DeInit                         0x080016ec   Section        0  stm32l0xx_hal_spi.o(i.HAL_SPI_DeInit)
    i.HAL_SPI_Init                           0x0800171c   Section        0  stm32l0xx_hal_spi.o(i.HAL_SPI_Init)
    i.HAL_SPI_MspDeInit                      0x0800179c   Section        0  spi.o(i.HAL_SPI_MspDeInit)
    i.HAL_SPI_MspInit                        0x080017c4   Section        0  spi.o(i.HAL_SPI_MspInit)
    i.HAL_SPI_TransmitReceive                0x0800181c   Section        0  stm32l0xx_hal_spi.o(i.HAL_SPI_TransmitReceive)
    i.HAL_TIM_Base_Init                      0x08001a0c   Section        0  stm32l0xx_hal_tim.o(i.HAL_TIM_Base_Init)
    i.HAL_TIM_Base_MspInit                   0x08001a40   Section        0  stm32l0xx_hal_tim.o(i.HAL_TIM_Base_MspInit)
    i.HAL_TIM_Base_Start_IT                  0x08001a42   Section        0  stm32l0xx_hal_tim.o(i.HAL_TIM_Base_Start_IT)
    i.HAL_TIM_IC_CaptureCallback             0x08001a62   Section        0  stm32l0xx_hal_tim.o(i.HAL_TIM_IC_CaptureCallback)
    i.HAL_TIM_IRQHandler                     0x08001a64   Section        0  stm32l0xx_hal_tim.o(i.HAL_TIM_IRQHandler)
    i.HAL_TIM_OC_DelayElapsedCallback        0x08001b8a   Section        0  stm32l0xx_hal_tim.o(i.HAL_TIM_OC_DelayElapsedCallback)
    i.HAL_TIM_PWM_PulseFinishedCallback      0x08001b8c   Section        0  stm32l0xx_hal_tim.o(i.HAL_TIM_PWM_PulseFinishedCallback)
    i.HAL_TIM_PeriodElapsedCallback          0x08001b90   Section        0  main.o(i.HAL_TIM_PeriodElapsedCallback)
    i.HAL_TIM_TriggerCallback                0x08001be0   Section        0  stm32l0xx_hal_tim.o(i.HAL_TIM_TriggerCallback)
    i.HAL_UART_DeInit                        0x08001be2   Section        0  stm32l0xx_hal_uart.o(i.HAL_UART_DeInit)
    i.HAL_UART_Init                          0x08001c1c   Section        0  stm32l0xx_hal_uart.o(i.HAL_UART_Init)
    i.HAL_UART_MspDeInit                     0x08001c88   Section        0  usart.o(i.HAL_UART_MspDeInit)
    i.HAL_UART_MspInit                       0x08001cb4   Section        0  usart.o(i.HAL_UART_MspInit)
    i.HAL_UART_Transmit                      0x08001d0c   Section        0  stm32l0xx_hal_uart.o(i.HAL_UART_Transmit)
    i.HardFault_Handler                      0x08001dda   Section        0  stm32l0xx_it.o(i.HardFault_Handler)
    i.I2C_Ack                                0x08001ddc   Section        0  bsp_eeprom.o(i.I2C_Ack)
    i.I2C_Delay                              0x08001e20   Section        0  bsp_eeprom.o(i.I2C_Delay)
    I2C_Delay                                0x08001e21   Thumb Code    12  bsp_eeprom.o(i.I2C_Delay)
    i.I2C_NAck                               0x08001e2c   Section        0  bsp_eeprom.o(i.I2C_NAck)
    i.I2C_ReadByte                           0x08001e64   Section        0  bsp_eeprom.o(i.I2C_ReadByte)
    i.I2C_SendByte                           0x08001eb4   Section        0  bsp_eeprom.o(i.I2C_SendByte)
    i.I2C_Start                              0x08001f14   Section        0  bsp_eeprom.o(i.I2C_Start)
    i.I2C_Stop                               0x08001f58   Section        0  bsp_eeprom.o(i.I2C_Stop)
    i.I2C_WaitAck                            0x08001f88   Section        0  bsp_eeprom.o(i.I2C_WaitAck)
    i.Line_1A_WT588S                         0x08001fd4   Section        0  speak_hal.o(i.Line_1A_WT588S)
    i.LoRaConfig_Check                       0x0800205c   Section        0  sx127x_driver.o(i.LoRaConfig_Check)
    i.MX_ADC_Init                            0x0800213c   Section        0  adc.o(i.MX_ADC_Init)
    i.MX_GPIO_Init                           0x080021a8   Section        0  gpio.o(i.MX_GPIO_Init)
    i.MX_NVIC_Init                           0x080022d8   Section        0  main.o(i.MX_NVIC_Init)
    MX_NVIC_Init                             0x080022d9   Thumb Code    36  main.o(i.MX_NVIC_Init)
    i.MX_SPI1_Init                           0x080022fc   Section        0  spi.o(i.MX_SPI1_Init)
    i.MX_USART1_UART_Init                    0x0800233c   Section        0  usart.o(i.MX_USART1_UART_Init)
    i.NMI_Handler                            0x08002374   Section        0  stm32l0xx_it.o(i.NMI_Handler)
    i.NVIC_SetPriority                       0x0800237c   Section        0  stm32l0xx_hal_cortex.o(i.NVIC_SetPriority)
    NVIC_SetPriority                         0x0800237d   Thumb Code    60  stm32l0xx_hal_cortex.o(i.NVIC_SetPriority)
    i.PendSV_Handler                         0x080023c0   Section        0  stm32l0xx_it.o(i.PendSV_Handler)
    i.RTC_IRQHandler                         0x080023c4   Section        0  stm32l0xx_it.o(i.RTC_IRQHandler)
    i.SPI_EndRxTxTransaction                 0x080023d4   Section        0  stm32l0xx_hal_spi.o(i.SPI_EndRxTxTransaction)
    SPI_EndRxTxTransaction                   0x080023d5   Thumb Code    66  stm32l0xx_hal_spi.o(i.SPI_EndRxTxTransaction)
    i.SPI_WaitFlagStateUntilTimeout          0x08002416   Section        0  stm32l0xx_hal_spi.o(i.SPI_WaitFlagStateUntilTimeout)
    SPI_WaitFlagStateUntilTimeout            0x08002417   Thumb Code   140  stm32l0xx_hal_spi.o(i.SPI_WaitFlagStateUntilTimeout)
    i.SVC_Handler                            0x080024a2   Section        0  stm32l0xx_it.o(i.SVC_Handler)
    i.SX127XWriteRxTx                        0x080024a4   Section        0  sx127x_driver.o(i.SX127XWriteRxTx)
    i.SX127X_DIO0_GetState                   0x080024c4   Section        0  sx127x_hal.o(i.SX127X_DIO0_GetState)
    i.SX127X_FreqSet                         0x080024d8   Section        0  sx127x_driver.o(i.SX127X_FreqSet)
    i.SX127X_Lora_init                       0x08002578   Section        0  sx127x_driver.o(i.SX127X_Lora_init)
    i.SX127X_NSS_OUTPUT                      0x08002678   Section        0  sx127x_hal.o(i.SX127X_NSS_OUTPUT)
    i.SX127X_PoutSet                         0x08002688   Section        0  sx127x_driver.o(i.SX127X_PoutSet)
    i.SX127X_RXE_OUTPUT                      0x080026e4   Section        0  sx127x_hal.o(i.SX127X_RXE_OUTPUT)
    i.SX127X_Read                            0x080026e6   Section        0  sx127x_driver.o(i.SX127X_Read)
    i.SX127X_ReadBuffer                      0x080026f0   Section        0  sx127x_hal.o(i.SX127X_ReadBuffer)
    i.SX127X_ReadFifo                        0x08002722   Section        0  sx127x_driver.o(i.SX127X_ReadFifo)
    i.SX127X_ReadWriteByte                   0x08002730   Section        0  sx127x_hal.o(i.SX127X_ReadWriteByte)
    i.SX127X_Reset                           0x08002750   Section        0  sx127x_driver.o(i.SX127X_Reset)
    i.SX127X_RxPacket                        0x0800277c   Section        0  sx127x_driver.o(i.SX127X_RxPacket)
    i.SX127X_SleepMode                       0x08002804   Section        0  sx127x_driver.o(i.SX127X_SleepMode)
    i.SX127X_StandbyMode                     0x08002818   Section        0  sx127x_driver.o(i.SX127X_StandbyMode)
    i.SX127X_StartRx                         0x08002824   Section        0  sx127x_driver.o(i.SX127X_StartRx)
    i.SX127X_TXE_OUTPUT                      0x0800287c   Section        0  sx127x_hal.o(i.SX127X_TXE_OUTPUT)
    i.SX127X_TxPacket                        0x08002880   Section        0  sx127x_driver.o(i.SX127X_TxPacket)
    i.SX127X_Write                           0x080028e4   Section        0  sx127x_driver.o(i.SX127X_Write)
    i.SX127X_WriteBuffer                     0x080028f0   Section        0  sx127x_hal.o(i.SX127X_WriteBuffer)
    i.SysTick_Handler                        0x08002922   Section        0  stm32l0xx_it.o(i.SysTick_Handler)
    i.SystemClock_Config                     0x08002924   Section        0  main.o(i.SystemClock_Config)
    i.SystemInit                             0x080029a8   Section        0  system_stm32l0xx.o(i.SystemInit)
    i.TIM2_IRQHandler                        0x080029fc   Section        0  stm32l0xx_it.o(i.TIM2_IRQHandler)
    i.TIM_Base_SetConfig                     0x08002a0c   Section        0  stm32l0xx_hal_tim.o(i.TIM_Base_SetConfig)
    TIM_Base_SetConfig                       0x08002a0d   Thumb Code    78  stm32l0xx_hal_tim.o(i.TIM_Base_SetConfig)
    i.UART_AdvFeatureConfig                  0x08002a64   Section        0  stm32l0xx_hal_uart.o(i.UART_AdvFeatureConfig)
    i.UART_CheckIdleState                    0x08002b30   Section        0  stm32l0xx_hal_uart.o(i.UART_CheckIdleState)
    i.UART_SetConfig                         0x08002b90   Section        0  stm32l0xx_hal_uart.o(i.UART_SetConfig)
    i.UART_WaitOnFlagUntilTimeout            0x08002db8   Section        0  stm32l0xx_hal_uart.o(i.UART_WaitOnFlagUntilTimeout)
    i.__0printf$8                            0x08002e1c   Section        0  printf8.o(i.__0printf$8)
    i.__ARM_clz                              0x08002e3c   Section        0  depilogue.o(i.__ARM_clz)
    i.__ARM_common_switch8                   0x08002e6a   Section        0  main_app.o(i.__ARM_common_switch8)
    i.__scatterload_copy                     0x08002e84   Section       14  handlers.o(i.__scatterload_copy)
    i.__scatterload_null                     0x08002e92   Section        2  handlers.o(i.__scatterload_null)
    i.__scatterload_zeroinit                 0x08002e94   Section       14  handlers.o(i.__scatterload_zeroinit)
    i._printf_core                           0x08002ea4   Section        0  printf8.o(i._printf_core)
    _printf_core                             0x08002ea5   Thumb Code  1020  printf8.o(i._printf_core)
    i._printf_post_padding                   0x080032cc   Section        0  printf8.o(i._printf_post_padding)
    _printf_post_padding                     0x080032cd   Thumb Code    32  printf8.o(i._printf_post_padding)
    i._printf_pre_padding                    0x080032ec   Section        0  printf8.o(i._printf_pre_padding)
    _printf_pre_padding                      0x080032ed   Thumb Code    44  printf8.o(i._printf_pre_padding)
    i.app_lora_config_init                   0x08003318   Section        0  main_app.o(i.app_lora_config_init)
    i.bsp_init_main_key                      0x08003394   Section        0  main.o(i.bsp_init_main_key)
    i.check_factory_parameter                0x080033d8   Section        0  main_app.o(i.check_factory_parameter)
    i.check_key_password                     0x08003420   Section        0  main_app.o(i.check_key_password)
    i.check_rung_state                       0x080034cc   Section        0  main_app.o(i.check_rung_state)
    i.chuchang_lora_process                  0x0800357c   Section        0  main_app.o(i.chuchang_lora_process)
    i.delay_2us                              0x08003690   Section        0  speak_hal.o(i.delay_2us)
    i.factory_parameter_set                  0x080036b4   Section        0  main_app.o(i.factory_parameter_set)
    i.fangchai_runing                        0x08003ab0   Section        0  main_app.o(i.fangchai_runing)
    i.fputc                                  0x08003b6c   Section        0  debug_usart_hal.o(i.fputc)
    i.key_password_set                       0x08003b88   Section        0  main_app.o(i.key_password_set)
    i.lora_process                           0x08003bf8   Section        0  main_app.o(i.lora_process)
    i.main                                   0x08003dcc   Section        0  main.o(i.main)
    i.pin_pack                               0x08003e14   Section        0  main_app.o(i.pin_pack)
    i.rang_runing                            0x08003e54   Section        0  main_app.o(i.rang_runing)
    i.scan_key                               0x08003f1c   Section        0  key_hal.o(i.scan_key)
    i.sleep_init                             0x08003f44   Section        0  main.o(i.sleep_init)
    i.sleep_open                             0x08003f8c   Section        0  main.o(i.sleep_open)
    i.stop_mode_config                       0x08003f9c   Section        0  main.o(i.stop_mode_config)
    i.valve_enter_ed_stop_mode               0x0800407c   Section        0  main.o(i.valve_enter_ed_stop_mode)
    .constdata                               0x080040a4   Section       25  system_stm32l0xx.o(.constdata)
    .constdata                               0x080040bd   Section        8  system_stm32l0xx.o(.constdata)
    .data                                    0x20000000   Section       60  main_app.o(.data)
    lora_com                                 0x2000000b   Data           1  main_app.o(.data)
    key_count                                0x2000000c   Data           1  main_app.o(.data)
    key_value                                0x2000000d   Data           1  main_app.o(.data)
    factory_num                              0x2000000e   Data           1  main_app.o(.data)
    .data                                    0x2000003c   Section        1  main_app.o(.data)
    .data                                    0x20000040   Section        4  main.o(.data)
    .data                                    0x20000044   Section        1  main.o(.data)
    .data                                    0x20000048   Section        4  stm32l0xx_hal.o(.data)
    .data                                    0x2000004c   Section        4  system_stm32l0xx.o(.data)
    .data                                    0x20000050   Section       20  sx127x_driver.o(.data)
    .data                                    0x20000064   Section        1  key_hal.o(.data)
    .data                                    0x20000068   Section        4  stdout.o(.data)
    .bss                                     0x2000006c   Section      110  main_app.o(.bss)
    .bss                                     0x200000dc   Section       92  adc.o(.bss)
    .bss                                     0x20000138   Section       36  rtc.o(.bss)
    .bss                                     0x2000015c   Section       88  spi.o(.bss)
    .bss                                     0x200001b4   Section      128  usart.o(.bss)
    .bss                                     0x20000234   Section       60  stm32l0xx_hal_timebase_tim.o(.bss)
    .bss                                     0x20000270   Section       16  sx127x_driver.o(.bss)
    STACK                                    0x20000280   Section     4096  startup_stm32l051xx.o(STACK)

    Global Symbols

    Symbol Name                              Value     Ov Type        Size  Object(Section)

    BuildAttributes$$THM_ISAv3M$S$PE$A:L22$X:L11$S22$IEEE1$IW$USESV6$~STKCKD$USESV7$~SHL$OTIME$ROPI$EBA8$MICROLIB$REQ8$PRES8$EABIv2 0x00000000   Number         0  anon$$obj.o ABSOLUTE
    __ARM_use_no_argv                        0x00000000   Number         0  main.o ABSOLUTE
    _printf_a                                0x00000000   Number         0  stubs.o ABSOLUTE
    _printf_c                                0x00000000   Number         0  stubs.o ABSOLUTE
    _printf_charcount                        0x00000000   Number         0  stubs.o ABSOLUTE
    _printf_d                                0x00000000   Number         0  stubs.o ABSOLUTE
    _printf_e                                0x00000000   Number         0  stubs.o ABSOLUTE
    _printf_f                                0x00000000   Number         0  stubs.o ABSOLUTE
    _printf_flags                            0x00000000   Number         0  stubs.o ABSOLUTE
    _printf_fp_dec                           0x00000000   Number         0  stubs.o ABSOLUTE
    _printf_fp_hex                           0x00000000   Number         0  stubs.o ABSOLUTE
    _printf_g                                0x00000000   Number         0  stubs.o ABSOLUTE
    _printf_i                                0x00000000   Number         0  stubs.o ABSOLUTE
    _printf_int_dec                          0x00000000   Number         0  stubs.o ABSOLUTE
    _printf_l                                0x00000000   Number         0  stubs.o ABSOLUTE
    _printf_lc                               0x00000000   Number         0  stubs.o ABSOLUTE
    _printf_ll                               0x00000000   Number         0  stubs.o ABSOLUTE
    _printf_lld                              0x00000000   Number         0  stubs.o ABSOLUTE
    _printf_lli                              0x00000000   Number         0  stubs.o ABSOLUTE
    _printf_llo                              0x00000000   Number         0  stubs.o ABSOLUTE
    _printf_llu                              0x00000000   Number         0  stubs.o ABSOLUTE
    _printf_llx                              0x00000000   Number         0  stubs.o ABSOLUTE
    _printf_longlong_dec                     0x00000000   Number         0  stubs.o ABSOLUTE
    _printf_longlong_hex                     0x00000000   Number         0  stubs.o ABSOLUTE
    _printf_longlong_oct                     0x00000000   Number         0  stubs.o ABSOLUTE
    _printf_ls                               0x00000000   Number         0  stubs.o ABSOLUTE
    _printf_mbtowc                           0x00000000   Number         0  stubs.o ABSOLUTE
    _printf_n                                0x00000000   Number         0  stubs.o ABSOLUTE
    _printf_o                                0x00000000   Number         0  stubs.o ABSOLUTE
    _printf_p                                0x00000000   Number         0  stubs.o ABSOLUTE
    _printf_percent                          0x00000000   Number         0  stubs.o ABSOLUTE
    _printf_pre_padding                      0x00000000   Number         0  stubs.o ABSOLUTE
    _printf_return_value                     0x00000000   Number         0  stubs.o ABSOLUTE
    _printf_s                                0x00000000   Number         0  stubs.o ABSOLUTE
    _printf_sizespec                         0x00000000   Number         0  stubs.o ABSOLUTE
    _printf_str                              0x00000000   Number         0  stubs.o ABSOLUTE
    _printf_truncate_signed                  0x00000000   Number         0  stubs.o ABSOLUTE
    _printf_truncate_unsigned                0x00000000   Number         0  stubs.o ABSOLUTE
    _printf_u                                0x00000000   Number         0  stubs.o ABSOLUTE
    _printf_wc                               0x00000000   Number         0  stubs.o ABSOLUTE
    _printf_wctomb                           0x00000000   Number         0  stubs.o ABSOLUTE
    _printf_widthprec                        0x00000000   Number         0  stubs.o ABSOLUTE
    _printf_x                                0x00000000   Number         0  stubs.o ABSOLUTE
    __cpp_initialize__aeabi_                  - Undefined Weak Reference
    __cxa_finalize                            - Undefined Weak Reference
    __decompress                              - Undefined Weak Reference
    _clock_init                               - Undefined Weak Reference
    _microlib_exit                            - Undefined Weak Reference
    __Vectors_Size                           0x000000c0   Number         0  startup_stm32l051xx.o ABSOLUTE
    __Vectors                                0x08000000   Data           4  startup_stm32l051xx.o(RESET)
    __Vectors_End                            0x080000c0   Data           0  startup_stm32l051xx.o(RESET)
    __main                                   0x080000c1   Thumb Code     0  entry.o(.ARM.Collect$$$$00000000)
    _main_stk                                0x080000c1   Thumb Code     0  entry2.o(.ARM.Collect$$$$00000001)
    _main_scatterload                        0x080000c5   Thumb Code     0  entry5.o(.ARM.Collect$$$$00000004)
    __main_after_scatterload                 0x080000c9   Thumb Code     0  entry5.o(.ARM.Collect$$$$00000004)
    _main_clock                              0x080000c9   Thumb Code     0  entry7b.o(.ARM.Collect$$$$00000008)
    _main_cpp_init                           0x080000c9   Thumb Code     0  entry8b.o(.ARM.Collect$$$$0000000A)
    _main_init                               0x080000c9   Thumb Code     0  entry9a.o(.ARM.Collect$$$$0000000B)
    __rt_final_cpp                           0x080000d1   Thumb Code     0  entry10a.o(.ARM.Collect$$$$0000000D)
    __rt_final_exit                          0x080000d1   Thumb Code     0  entry11a.o(.ARM.Collect$$$$0000000F)
    Reset_Handler                            0x080000d5   Thumb Code     8  startup_stm32l051xx.o(.text)
    ADC1_COMP_IRQHandler                     0x080000e7   Thumb Code     0  startup_stm32l051xx.o(.text)
    DMA1_Channel1_IRQHandler                 0x080000e7   Thumb Code     0  startup_stm32l051xx.o(.text)
    DMA1_Channel2_3_IRQHandler               0x080000e7   Thumb Code     0  startup_stm32l051xx.o(.text)
    DMA1_Channel4_5_6_7_IRQHandler           0x080000e7   Thumb Code     0  startup_stm32l051xx.o(.text)
    EXTI0_1_IRQHandler                       0x080000e7   Thumb Code     0  startup_stm32l051xx.o(.text)
    EXTI2_3_IRQHandler                       0x080000e7   Thumb Code     0  startup_stm32l051xx.o(.text)
    FLASH_IRQHandler                         0x080000e7   Thumb Code     0  startup_stm32l051xx.o(.text)
    I2C1_IRQHandler                          0x080000e7   Thumb Code     0  startup_stm32l051xx.o(.text)
    I2C2_IRQHandler                          0x080000e7   Thumb Code     0  startup_stm32l051xx.o(.text)
    LPTIM1_IRQHandler                        0x080000e7   Thumb Code     0  startup_stm32l051xx.o(.text)
    LPUART1_IRQHandler                       0x080000e7   Thumb Code     0  startup_stm32l051xx.o(.text)
    PVD_IRQHandler                           0x080000e7   Thumb Code     0  startup_stm32l051xx.o(.text)
    RCC_IRQHandler                           0x080000e7   Thumb Code     0  startup_stm32l051xx.o(.text)
    SPI1_IRQHandler                          0x080000e7   Thumb Code     0  startup_stm32l051xx.o(.text)
    SPI2_IRQHandler                          0x080000e7   Thumb Code     0  startup_stm32l051xx.o(.text)
    TIM21_IRQHandler                         0x080000e7   Thumb Code     0  startup_stm32l051xx.o(.text)
    TIM22_IRQHandler                         0x080000e7   Thumb Code     0  startup_stm32l051xx.o(.text)
    TIM6_IRQHandler                          0x080000e7   Thumb Code     0  startup_stm32l051xx.o(.text)
    USART1_IRQHandler                        0x080000e7   Thumb Code     0  startup_stm32l051xx.o(.text)
    USART2_IRQHandler                        0x080000e7   Thumb Code     0  startup_stm32l051xx.o(.text)
    WWDG_IRQHandler                          0x080000e7   Thumb Code     0  startup_stm32l051xx.o(.text)
    __aeabi_uidiv                            0x080000f1   Thumb Code     0  uidiv.o(.text)
    __aeabi_uidivmod                         0x080000f1   Thumb Code    44  uidiv.o(.text)
    __aeabi_uldivmod                         0x0800011d   Thumb Code    96  uldiv.o(.text)
    __aeabi_memset                           0x0800017d   Thumb Code    14  memseta.o(.text)
    __aeabi_memset4                          0x0800017d   Thumb Code     0  memseta.o(.text)
    __aeabi_memset8                          0x0800017d   Thumb Code     0  memseta.o(.text)
    __aeabi_memclr                           0x0800018b   Thumb Code     4  memseta.o(.text)
    __aeabi_memclr4                          0x0800018b   Thumb Code     0  memseta.o(.text)
    __aeabi_memclr8                          0x0800018b   Thumb Code     0  memseta.o(.text)
    _memset$wrapper                          0x0800018f   Thumb Code    18  memseta.o(.text)
    strlen                                   0x080001a1   Thumb Code    14  strlen.o(.text)
    __aeabi_fdiv                             0x080001af   Thumb Code   124  fdiv.o(.text)
    __aeabi_ddiv                             0x0800022d   Thumb Code   234  ddiv.o(.text)
    __aeabi_i2f                              0x0800031d   Thumb Code    22  fflti.o(.text)
    __aeabi_ui2d                             0x08000335   Thumb Code    24  dfltui.o(.text)
    __aeabi_d2uiz                            0x08000351   Thumb Code    50  dfixui.o(.text)
    __aeabi_llsl                             0x0800038d   Thumb Code    32  llshl.o(.text)
    _ll_shift_l                              0x0800038d   Thumb Code     0  llshl.o(.text)
    __aeabi_llsr                             0x080003ad   Thumb Code    34  llushr.o(.text)
    _ll_ushift_r                             0x080003ad   Thumb Code     0  llushr.o(.text)
    __I$use$fp                               0x080003cf   Thumb Code     0  iusefp.o(.text)
    _float_round                             0x080003cf   Thumb Code    16  fepilogue.o(.text)
    _float_epilogue                          0x080003df   Thumb Code   114  fepilogue.o(.text)
    _double_round                            0x08000451   Thumb Code    26  depilogue.o(.text)
    _double_epilogue                         0x0800046b   Thumb Code   164  depilogue.o(.text)
    __scatterload                            0x08000511   Thumb Code    28  init.o(.text)
    __scatterload_rt2                        0x08000511   Thumb Code     0  init.o(.text)
    DIO0_GetState                            0x08000559   Thumb Code     8  sx127x_driver.o(i.DIO0_GetState)
    EEPROM_ReadBytes                         0x08000561   Thumb Code   108  bsp_eeprom.o(i.EEPROM_ReadBytes)
    EEPROM_WriteBytes                        0x080005cd   Thumb Code   120  bsp_eeprom.o(i.EEPROM_WriteBytes)
    EXTI4_15_IRQHandler                      0x08000645   Thumb Code    44  stm32l0xx_it.o(i.EXTI4_15_IRQHandler)
    Error_Handler                            0x08000671   Thumb Code     2  main.o(i.Error_Handler)
    HAL_ADC_ConfigChannel                    0x08000675   Thumb Code   140  stm32l0xx_hal_adc.o(i.HAL_ADC_ConfigChannel)
    HAL_ADC_Init                             0x08000709   Thumb Code   446  stm32l0xx_hal_adc.o(i.HAL_ADC_Init)
    HAL_ADC_MspInit                          0x080008d1   Thumb Code    70  adc.o(i.HAL_ADC_MspInit)
    HAL_Delay                                0x08000921   Thumb Code    28  stm32l0xx_hal.o(i.HAL_Delay)
    HAL_GPIO_DeInit                          0x0800093d   Thumb Code   202  stm32l0xx_hal_gpio.o(i.HAL_GPIO_DeInit)
    HAL_GPIO_EXTI_Callback                   0x08000a21   Thumb Code   332  key_hal.o(i.HAL_GPIO_EXTI_Callback)
    HAL_GPIO_EXTI_IRQHandler                 0x08000b95   Thumb Code    18  stm32l0xx_hal_gpio.o(i.HAL_GPIO_EXTI_IRQHandler)
    HAL_GPIO_Init                            0x08000bad   Thumb Code   346  stm32l0xx_hal_gpio.o(i.HAL_GPIO_Init)
    HAL_GPIO_ReadPin                         0x08000d25   Thumb Code    10  stm32l0xx_hal_gpio.o(i.HAL_GPIO_ReadPin)
    HAL_GPIO_TogglePin                       0x08000d2f   Thumb Code     8  stm32l0xx_hal_gpio.o(i.HAL_GPIO_TogglePin)
    HAL_GPIO_WritePin                        0x08000d37   Thumb Code    12  stm32l0xx_hal_gpio.o(i.HAL_GPIO_WritePin)
    HAL_GetTick                              0x08000d45   Thumb Code     6  stm32l0xx_hal.o(i.HAL_GetTick)
    HAL_IncTick                              0x08000d51   Thumb Code    10  stm32l0xx_hal.o(i.HAL_IncTick)
    HAL_Init                                 0x08000d61   Thumb Code    36  stm32l0xx_hal.o(i.HAL_Init)
    HAL_InitTick                             0x08000d89   Thumb Code    94  stm32l0xx_hal_timebase_tim.o(i.HAL_InitTick)
    HAL_MspInit                              0x08000df9   Thumb Code    20  stm32l0xx_hal_msp.o(i.HAL_MspInit)
    HAL_NVIC_EnableIRQ                       0x08000e11   Thumb Code    14  stm32l0xx_hal_cortex.o(i.HAL_NVIC_EnableIRQ)
    HAL_NVIC_SetPriority                     0x08000e25   Thumb Code     8  stm32l0xx_hal_cortex.o(i.HAL_NVIC_SetPriority)
    HAL_NVIC_SystemReset                     0x08000e2d   Thumb Code    18  stm32l0xx_hal_cortex.o(i.HAL_NVIC_SystemReset)
    HAL_PWREx_EnableFastWakeUp               0x08000e49   Thumb Code    12  stm32l0xx_hal_pwr_ex.o(i.HAL_PWREx_EnableFastWakeUp)
    HAL_PWREx_EnableUltraLowPower            0x08000e59   Thumb Code    12  stm32l0xx_hal_pwr_ex.o(i.HAL_PWREx_EnableUltraLowPower)
    HAL_PWR_EnterSTOPMode                    0x08000e69   Thumb Code    44  stm32l0xx_hal_pwr.o(i.HAL_PWR_EnterSTOPMode)
    HAL_RCCEx_PeriphCLKConfig                0x08000e9d   Thumb Code   342  stm32l0xx_hal_rcc_ex.o(i.HAL_RCCEx_PeriphCLKConfig)
    HAL_RCC_CSSCallback                      0x08001001   Thumb Code     2  stm32l0xx_hal_rcc.o(i.HAL_RCC_CSSCallback)
    HAL_RCC_ClockConfig                      0x08001005   Thumb Code   344  stm32l0xx_hal_rcc.o(i.HAL_RCC_ClockConfig)
    HAL_RCC_EnableCSS                        0x08001171   Thumb Code    14  stm32l0xx_hal_rcc.o(i.HAL_RCC_EnableCSS)
    HAL_RCC_GetClockConfig                   0x08001185   Thumb Code    54  stm32l0xx_hal_rcc.o(i.HAL_RCC_GetClockConfig)
    HAL_RCC_GetPCLK1Freq                     0x080011c5   Thumb Code    20  stm32l0xx_hal_rcc.o(i.HAL_RCC_GetPCLK1Freq)
    HAL_RCC_GetPCLK2Freq                     0x080011e5   Thumb Code    20  stm32l0xx_hal_rcc.o(i.HAL_RCC_GetPCLK2Freq)
    HAL_RCC_GetSysClockFreq                  0x08001205   Thumb Code   100  stm32l0xx_hal_rcc.o(i.HAL_RCC_GetSysClockFreq)
    HAL_RCC_NMI_IRQHandler                   0x0800127d   Thumb Code    20  stm32l0xx_hal_rcc.o(i.HAL_RCC_NMI_IRQHandler)
    HAL_RCC_OscConfig                        0x08001295   Thumb Code  1052  stm32l0xx_hal_rcc.o(i.HAL_RCC_OscConfig)
    HAL_RTCEx_WakeUpTimerEventCallback       0x080016b1   Thumb Code     2  stm32l0xx_hal_rtc_ex.o(i.HAL_RTCEx_WakeUpTimerEventCallback)
    HAL_RTCEx_WakeUpTimerIRQHandler          0x080016b5   Thumb Code    48  stm32l0xx_hal_rtc_ex.o(i.HAL_RTCEx_WakeUpTimerIRQHandler)
    HAL_SPI_DeInit                           0x080016ed   Thumb Code    48  stm32l0xx_hal_spi.o(i.HAL_SPI_DeInit)
    HAL_SPI_Init                             0x0800171d   Thumb Code   128  stm32l0xx_hal_spi.o(i.HAL_SPI_Init)
    HAL_SPI_MspDeInit                        0x0800179d   Thumb Code    32  spi.o(i.HAL_SPI_MspDeInit)
    HAL_SPI_MspInit                          0x080017c5   Thumb Code    78  spi.o(i.HAL_SPI_MspInit)
    HAL_SPI_TransmitReceive                  0x0800181d   Thumb Code   496  stm32l0xx_hal_spi.o(i.HAL_SPI_TransmitReceive)
    HAL_TIM_Base_Init                        0x08001a0d   Thumb Code    52  stm32l0xx_hal_tim.o(i.HAL_TIM_Base_Init)
    HAL_TIM_Base_MspInit                     0x08001a41   Thumb Code     2  stm32l0xx_hal_tim.o(i.HAL_TIM_Base_MspInit)
    HAL_TIM_Base_Start_IT                    0x08001a43   Thumb Code    32  stm32l0xx_hal_tim.o(i.HAL_TIM_Base_Start_IT)
    HAL_TIM_IC_CaptureCallback               0x08001a63   Thumb Code     2  stm32l0xx_hal_tim.o(i.HAL_TIM_IC_CaptureCallback)
    HAL_TIM_IRQHandler                       0x08001a65   Thumb Code   294  stm32l0xx_hal_tim.o(i.HAL_TIM_IRQHandler)
    HAL_TIM_OC_DelayElapsedCallback          0x08001b8b   Thumb Code     2  stm32l0xx_hal_tim.o(i.HAL_TIM_OC_DelayElapsedCallback)
    HAL_TIM_PWM_PulseFinishedCallback        0x08001b8d   Thumb Code     2  stm32l0xx_hal_tim.o(i.HAL_TIM_PWM_PulseFinishedCallback)
    HAL_TIM_PeriodElapsedCallback            0x08001b91   Thumb Code    64  main.o(i.HAL_TIM_PeriodElapsedCallback)
    HAL_TIM_TriggerCallback                  0x08001be1   Thumb Code     2  stm32l0xx_hal_tim.o(i.HAL_TIM_TriggerCallback)
    HAL_UART_DeInit                          0x08001be3   Thumb Code    58  stm32l0xx_hal_uart.o(i.HAL_UART_DeInit)
    HAL_UART_Init                            0x08001c1d   Thumb Code   106  stm32l0xx_hal_uart.o(i.HAL_UART_Init)
    HAL_UART_MspDeInit                       0x08001c89   Thumb Code    32  usart.o(i.HAL_UART_MspDeInit)
    HAL_UART_MspInit                         0x08001cb5   Thumb Code    76  usart.o(i.HAL_UART_MspInit)
    HAL_UART_Transmit                        0x08001d0d   Thumb Code   206  stm32l0xx_hal_uart.o(i.HAL_UART_Transmit)
    HardFault_Handler                        0x08001ddb   Thumb Code     2  stm32l0xx_it.o(i.HardFault_Handler)
    I2C_Ack                                  0x08001ddd   Thumb Code    64  bsp_eeprom.o(i.I2C_Ack)
    I2C_NAck                                 0x08001e2d   Thumb Code    50  bsp_eeprom.o(i.I2C_NAck)
    I2C_ReadByte                             0x08001e65   Thumb Code    74  bsp_eeprom.o(i.I2C_ReadByte)
    I2C_SendByte                             0x08001eb5   Thumb Code    92  bsp_eeprom.o(i.I2C_SendByte)
    I2C_Start                                0x08001f15   Thumb Code    62  bsp_eeprom.o(i.I2C_Start)
    I2C_Stop                                 0x08001f59   Thumb Code    44  bsp_eeprom.o(i.I2C_Stop)
    I2C_WaitAck                              0x08001f89   Thumb Code    72  bsp_eeprom.o(i.I2C_WaitAck)
    Line_1A_WT588S                           0x08001fd5   Thumb Code   130  speak_hal.o(i.Line_1A_WT588S)
    LoRaConfig_Check                         0x0800205d   Thumb Code   168  sx127x_driver.o(i.LoRaConfig_Check)
    MX_ADC_Init                              0x0800213d   Thumb Code   100  adc.o(i.MX_ADC_Init)
    MX_GPIO_Init                             0x080021a9   Thumb Code   276  gpio.o(i.MX_GPIO_Init)
    MX_SPI1_Init                             0x080022fd   Thumb Code    56  spi.o(i.MX_SPI1_Init)
    MX_USART1_UART_Init                      0x0800233d   Thumb Code    48  usart.o(i.MX_USART1_UART_Init)
    NMI_Handler                              0x08002375   Thumb Code     8  stm32l0xx_it.o(i.NMI_Handler)
    PendSV_Handler                           0x080023c1   Thumb Code     2  stm32l0xx_it.o(i.PendSV_Handler)
    RTC_IRQHandler                           0x080023c5   Thumb Code    10  stm32l0xx_it.o(i.RTC_IRQHandler)
    SVC_Handler                              0x080024a3   Thumb Code     2  stm32l0xx_it.o(i.SVC_Handler)
    SX127XWriteRxTx                          0x080024a5   Thumb Code    30  sx127x_driver.o(i.SX127XWriteRxTx)
    SX127X_DIO0_GetState                     0x080024c5   Thumb Code    14  sx127x_hal.o(i.SX127X_DIO0_GetState)
    SX127X_FreqSet                           0x080024d9   Thumb Code   142  sx127x_driver.o(i.SX127X_FreqSet)
    SX127X_Lora_init                         0x08002579   Thumb Code   252  sx127x_driver.o(i.SX127X_Lora_init)
    SX127X_NSS_OUTPUT                        0x08002679   Thumb Code    16  sx127x_hal.o(i.SX127X_NSS_OUTPUT)
    SX127X_PoutSet                           0x08002689   Thumb Code    88  sx127x_driver.o(i.SX127X_PoutSet)
    SX127X_RXE_OUTPUT                        0x080026e5   Thumb Code     2  sx127x_hal.o(i.SX127X_RXE_OUTPUT)
    SX127X_Read                              0x080026e7   Thumb Code    10  sx127x_driver.o(i.SX127X_Read)
    SX127X_ReadBuffer                        0x080026f1   Thumb Code    50  sx127x_hal.o(i.SX127X_ReadBuffer)
    SX127X_ReadFifo                          0x08002723   Thumb Code    14  sx127x_driver.o(i.SX127X_ReadFifo)
    SX127X_ReadWriteByte                     0x08002731   Thumb Code    28  sx127x_hal.o(i.SX127X_ReadWriteByte)
    SX127X_Reset                             0x08002751   Thumb Code    38  sx127x_driver.o(i.SX127X_Reset)
    SX127X_RxPacket                          0x0800277d   Thumb Code   128  sx127x_driver.o(i.SX127X_RxPacket)
    SX127X_SleepMode                         0x08002805   Thumb Code    20  sx127x_driver.o(i.SX127X_SleepMode)
    SX127X_StandbyMode                       0x08002819   Thumb Code    12  sx127x_driver.o(i.SX127X_StandbyMode)
    SX127X_StartRx                           0x08002825   Thumb Code    84  sx127x_driver.o(i.SX127X_StartRx)
    SX127X_TXE_OUTPUT                        0x0800287d   Thumb Code     2  sx127x_hal.o(i.SX127X_TXE_OUTPUT)
    SX127X_TxPacket                          0x08002881   Thumb Code    96  sx127x_driver.o(i.SX127X_TxPacket)
    SX127X_Write                             0x080028e5   Thumb Code    12  sx127x_driver.o(i.SX127X_Write)
    SX127X_WriteBuffer                       0x080028f1   Thumb Code    50  sx127x_hal.o(i.SX127X_WriteBuffer)
    SysTick_Handler                          0x08002923   Thumb Code     2  stm32l0xx_it.o(i.SysTick_Handler)
    SystemClock_Config                       0x08002925   Thumb Code   126  main.o(i.SystemClock_Config)
    SystemInit                               0x080029a9   Thumb Code    66  system_stm32l0xx.o(i.SystemInit)
    TIM2_IRQHandler                          0x080029fd   Thumb Code    10  stm32l0xx_it.o(i.TIM2_IRQHandler)
    UART_AdvFeatureConfig                    0x08002a65   Thumb Code   202  stm32l0xx_hal_uart.o(i.UART_AdvFeatureConfig)
    UART_CheckIdleState                      0x08002b31   Thumb Code    90  stm32l0xx_hal_uart.o(i.UART_CheckIdleState)
    UART_SetConfig                           0x08002b91   Thumb Code   506  stm32l0xx_hal_uart.o(i.UART_SetConfig)
    UART_WaitOnFlagUntilTimeout              0x08002db9   Thumb Code    98  stm32l0xx_hal_uart.o(i.UART_WaitOnFlagUntilTimeout)
    __0printf$8                              0x08002e1d   Thumb Code    24  printf8.o(i.__0printf$8)
    __1printf$8                              0x08002e1d   Thumb Code     0  printf8.o(i.__0printf$8)
    __2printf                                0x08002e1d   Thumb Code     0  printf8.o(i.__0printf$8)
    __ARM_clz                                0x08002e3d   Thumb Code    46  depilogue.o(i.__ARM_clz)
    __ARM_common_switch8                     0x08002e6b   Thumb Code    26  main_app.o(i.__ARM_common_switch8)
    __scatterload_copy                       0x08002e85   Thumb Code    14  handlers.o(i.__scatterload_copy)
    __scatterload_null                       0x08002e93   Thumb Code     2  handlers.o(i.__scatterload_null)
    __scatterload_zeroinit                   0x08002e95   Thumb Code    14  handlers.o(i.__scatterload_zeroinit)
    app_lora_config_init                     0x08003319   Thumb Code    82  main_app.o(i.app_lora_config_init)
    bsp_init_main_key                        0x08003395   Thumb Code    58  main.o(i.bsp_init_main_key)
    check_factory_parameter                  0x080033d9   Thumb Code    40  main_app.o(i.check_factory_parameter)
    check_key_password                       0x08003421   Thumb Code   146  main_app.o(i.check_key_password)
    check_rung_state                         0x080034cd   Thumb Code   138  main_app.o(i.check_rung_state)
    chuchang_lora_process                    0x0800357d   Thumb Code   262  main_app.o(i.chuchang_lora_process)
    delay_2us                                0x08003691   Thumb Code    32  speak_hal.o(i.delay_2us)
    factory_parameter_set                    0x080036b5   Thumb Code   786  main_app.o(i.factory_parameter_set)
    fangchai_runing                          0x08003ab1   Thumb Code   126  main_app.o(i.fangchai_runing)
    fputc                                    0x08003b6d   Thumb Code    18  debug_usart_hal.o(i.fputc)
    key_password_set                         0x08003b89   Thumb Code   106  main_app.o(i.key_password_set)
    lora_process                             0x08003bf9   Thumb Code   358  main_app.o(i.lora_process)
    main                                     0x08003dcd   Thumb Code    60  main.o(i.main)
    pin_pack                                 0x08003e15   Thumb Code    58  main_app.o(i.pin_pack)
    rang_runing                              0x08003e55   Thumb Code   134  main_app.o(i.rang_runing)
    scan_key                                 0x08003f1d   Thumb Code    36  key_hal.o(i.scan_key)
    sleep_init                               0x08003f45   Thumb Code    58  main.o(i.sleep_init)
    sleep_open                               0x08003f8d   Thumb Code    16  main.o(i.sleep_open)
    stop_mode_config                         0x08003f9d   Thumb Code   212  main.o(i.stop_mode_config)
    valve_enter_ed_stop_mode                 0x0800407d   Thumb Code    32  main.o(i.valve_enter_ed_stop_mode)
    AHBPrescTable                            0x080040a4   Data          16  system_stm32l0xx.o(.constdata)
    PLLMulTable                              0x080040b4   Data           9  system_stm32l0xx.o(.constdata)
    APBPrescTable                            0x080040bd   Data           8  system_stm32l0xx.o(.constdata)
    Region$$Table$$Base                      0x080040c8   Number         0  anon$$obj.o(Region$$Table)
    Region$$Table$$Limit                     0x080040e8   Number         0  anon$$obj.o(Region$$Table)
    factory_parameter_flag                   0x20000000   Data           1  main_app.o(.data)
    pack_len                                 0x20000001   Data           1  main_app.o(.data)
    lora_data_state                          0x20000002   Data           1  main_app.o(.data)
    scan_key_flag                            0x20000003   Data           1  main_app.o(.data)
    password_key                             0x20000004   Data           1  main_app.o(.data)
    runing_state_flag                        0x20000005   Data           1  main_app.o(.data)
    rang_key_flag                            0x20000006   Data           1  main_app.o(.data)
    fangchai_flag                            0x20000007   Data           1  main_app.o(.data)
    flag                                     0x20000008   Data           1  main_app.o(.data)
    rang_state                               0x20000009   Data           1  main_app.o(.data)
    fagchai_state                            0x2000000a   Data           1  main_app.o(.data)
    communication_states                     0x2000000f   Data           1  main_app.o(.data)
    dev_num                                  0x20000010   Data           2  main_app.o(.data)
    Fre                                      0x20000014   Data          20  main_app.o(.data)
    user_password                            0x20000028   Data          10  main_app.o(.data)
    xiaojing_password                        0x20000032   Data          10  main_app.o(.data)
    sleep_flag                               0x2000003c   Data           1  main_app.o(.data)
    tim_count                                0x20000040   Data           4  main.o(.data)
    password_key_value                       0x20000044   Data           1  main.o(.data)
    uwTick                                   0x20000048   Data           4  stm32l0xx_hal.o(.data)
    SystemCoreClock                          0x2000004c   Data           4  system_stm32l0xx.o(.data)
    G_BandWidthKHz                           0x20000050   Data           4  sx127x_driver.o(.data)
    G_TsXms                                  0x20000054   Data           4  sx127x_driver.o(.data)
    G_LoRaConfig                             0x20000058   Data          12  sx127x_driver.o(.data)
    key_state_value                          0x20000064   Data           1  key_hal.o(.data)
    __stdout                                 0x20000068   Data           4  stdout.o(.data)
    TXbuffer                                 0x2000006c   Data          50  main_app.o(.bss)
    RXbuffer                                 0x2000009e   Data          50  main_app.o(.bss)
    user_temp_password                       0x200000d0   Data          10  main_app.o(.bss)
    hadc                                     0x200000dc   Data          92  adc.o(.bss)
    hrtc                                     0x20000138   Data          36  rtc.o(.bss)
    hspi1                                    0x2000015c   Data          88  spi.o(.bss)
    huart1                                   0x200001b4   Data         128  usart.o(.bss)
    htim2                                    0x20000234   Data          60  stm32l0xx_hal_timebase_tim.o(.bss)
    G_LoRaPara                               0x20000270   Data          16  sx127x_driver.o(.bss)
    __initial_sp                             0x20001280   Data           0  startup_stm32l051xx.o(STACK)



==============================================================================

Memory Map of the image

  Image Entry point : 0x080000c1

  Load Region LR_IROM1 (Base: 0x08000000, Size: 0x00004154, Max: 0x00010000, ABSOLUTE)

    Execution Region ER_IROM1 (Exec base: 0x08000000, Load base: 0x08000000, Size: 0x000040e8, Max: 0x00010000, ABSOLUTE)

    Exec Addr    Load Addr    Size         Type   Attr      Idx    E Section Name        Object

    0x08000000   0x08000000   0x000000c0   Data   RO            3    RESET               startup_stm32l051xx.o
    0x080000c0   0x080000c0   0x00000000   Code   RO         4740  * .ARM.Collect$$$$00000000  mc_p.l(entry.o)
    0x080000c0   0x080000c0   0x00000004   Code   RO         5022    .ARM.Collect$$$$00000001  mc_p.l(entry2.o)
    0x080000c4   0x080000c4   0x00000004   Code   RO         5025    .ARM.Collect$$$$00000004  mc_p.l(entry5.o)
    0x080000c8   0x080000c8   0x00000000   Code   RO         5027    .ARM.Collect$$$$00000008  mc_p.l(entry7b.o)
    0x080000c8   0x080000c8   0x00000000   Code   RO         5029    .ARM.Collect$$$$0000000A  mc_p.l(entry8b.o)
    0x080000c8   0x080000c8   0x00000008   Code   RO         5030    .ARM.Collect$$$$0000000B  mc_p.l(entry9a.o)
    0x080000d0   0x080000d0   0x00000000   Code   RO         5032    .ARM.Collect$$$$0000000D  mc_p.l(entry10a.o)
    0x080000d0   0x080000d0   0x00000000   Code   RO         5034    .ARM.Collect$$$$0000000F  mc_p.l(entry11a.o)
    0x080000d0   0x080000d0   0x00000004   Code   RO         5023    .ARM.Collect$$$$00002712  mc_p.l(entry2.o)
    0x080000d4   0x080000d4   0x0000001c   Code   RO            4    .text               startup_stm32l051xx.o
    0x080000f0   0x080000f0   0x0000002c   Code   RO         4743    .text               mc_p.l(uidiv.o)
    0x0800011c   0x0800011c   0x00000060   Code   RO         4745    .text               mc_p.l(uldiv.o)
    0x0800017c   0x0800017c   0x00000024   Code   RO         4747    .text               mc_p.l(memseta.o)
    0x080001a0   0x080001a0   0x0000000e   Code   RO         4749    .text               mc_p.l(strlen.o)
    0x080001ae   0x080001ae   0x0000007c   Code   RO         5012    .text               mf_p.l(fdiv.o)
    0x0800022a   0x0800022a   0x00000002   PAD
    0x0800022c   0x0800022c   0x000000f0   Code   RO         5014    .text               mf_p.l(ddiv.o)
    0x0800031c   0x0800031c   0x00000016   Code   RO         5016    .text               mf_p.l(fflti.o)
    0x08000332   0x08000332   0x00000002   PAD
    0x08000334   0x08000334   0x0000001c   Code   RO         5018    .text               mf_p.l(dfltui.o)
    0x08000350   0x08000350   0x0000003c   Code   RO         5020    .text               mf_p.l(dfixui.o)
    0x0800038c   0x0800038c   0x00000020   Code   RO         5037    .text               mc_p.l(llshl.o)
    0x080003ac   0x080003ac   0x00000022   Code   RO         5039    .text               mc_p.l(llushr.o)
    0x080003ce   0x080003ce   0x00000000   Code   RO         5041    .text               mc_p.l(iusefp.o)
    0x080003ce   0x080003ce   0x00000082   Code   RO         5042    .text               mf_p.l(fepilogue.o)
    0x08000450   0x08000450   0x000000be   Code   RO         5044    .text               mf_p.l(depilogue.o)
    0x0800050e   0x0800050e   0x00000002   PAD
    0x08000510   0x08000510   0x00000024   Code   RO         5056    .text               mc_p.l(init.o)
    0x08000534   0x08000534   0x00000024   Code   RO          644    i.ADC_DelayMicroSecond  stm32l0xx_hal_adc.o
    0x08000558   0x08000558   0x00000008   Code   RO         4245    i.DIO0_GetState     sx127x_driver.o
    0x08000560   0x08000560   0x0000006c   Code   RO         4611    i.EEPROM_ReadBytes  bsp_eeprom.o
    0x080005cc   0x080005cc   0x00000078   Code   RO         4612    i.EEPROM_WriteBytes  bsp_eeprom.o
    0x08000644   0x08000644   0x0000002c   Code   RO          519    i.EXTI4_15_IRQHandler  stm32l0xx_it.o
    0x08000670   0x08000670   0x00000002   Code   RO          250    i.Error_Handler     main.o
    0x08000672   0x08000672   0x00000002   PAD
    0x08000674   0x08000674   0x00000094   Code   RO          648    i.HAL_ADC_ConfigChannel  stm32l0xx_hal_adc.o
    0x08000708   0x08000708   0x000001c8   Code   RO          657    i.HAL_ADC_Init      stm32l0xx_hal_adc.o
    0x080008d0   0x080008d0   0x00000050   Code   RO          368    i.HAL_ADC_MspInit   adc.o
    0x08000920   0x08000920   0x0000001c   Code   RO          886    i.HAL_Delay         stm32l0xx_hal.o
    0x0800093c   0x0800093c   0x000000e4   Code   RO         1977    i.HAL_GPIO_DeInit   stm32l0xx_hal_gpio.o
    0x08000a20   0x08000a20   0x00000174   Code   RO         4555    i.HAL_GPIO_EXTI_Callback  key_hal.o
    0x08000b94   0x08000b94   0x00000018   Code   RO         1979    i.HAL_GPIO_EXTI_IRQHandler  stm32l0xx_hal_gpio.o
    0x08000bac   0x08000bac   0x00000178   Code   RO         1980    i.HAL_GPIO_Init     stm32l0xx_hal_gpio.o
    0x08000d24   0x08000d24   0x0000000a   Code   RO         1982    i.HAL_GPIO_ReadPin  stm32l0xx_hal_gpio.o
    0x08000d2e   0x08000d2e   0x00000008   Code   RO         1983    i.HAL_GPIO_TogglePin  stm32l0xx_hal_gpio.o
    0x08000d36   0x08000d36   0x0000000c   Code   RO         1984    i.HAL_GPIO_WritePin  stm32l0xx_hal_gpio.o
    0x08000d42   0x08000d42   0x00000002   PAD
    0x08000d44   0x08000d44   0x0000000c   Code   RO          890    i.HAL_GetTick       stm32l0xx_hal.o
    0x08000d50   0x08000d50   0x00000010   Code   RO          894    i.HAL_IncTick       stm32l0xx_hal.o
    0x08000d60   0x08000d60   0x00000028   Code   RO          895    i.HAL_Init          stm32l0xx_hal.o
    0x08000d88   0x08000d88   0x00000070   Code   RO          605    i.HAL_InitTick      stm32l0xx_hal_timebase_tim.o
    0x08000df8   0x08000df8   0x00000018   Code   RO          585    i.HAL_MspInit       stm32l0xx_hal_msp.o
    0x08000e10   0x08000e10   0x00000014   Code   RO         2307    i.HAL_NVIC_EnableIRQ  stm32l0xx_hal_cortex.o
    0x08000e24   0x08000e24   0x00000008   Code   RO         2311    i.HAL_NVIC_SetPriority  stm32l0xx_hal_cortex.o
    0x08000e2c   0x08000e2c   0x0000001c   Code   RO         2312    i.HAL_NVIC_SystemReset  stm32l0xx_hal_cortex.o
    0x08000e48   0x08000e48   0x00000010   Code   RO         2249    i.HAL_PWREx_EnableFastWakeUp  stm32l0xx_hal_pwr_ex.o
    0x08000e58   0x08000e58   0x00000010   Code   RO         2251    i.HAL_PWREx_EnableUltraLowPower  stm32l0xx_hal_pwr_ex.o
    0x08000e68   0x08000e68   0x00000034   Code   RO         2144    i.HAL_PWR_EnterSTOPMode  stm32l0xx_hal_pwr.o
    0x08000e9c   0x08000e9c   0x00000164   Code   RO         1667    i.HAL_RCCEx_PeriphCLKConfig  stm32l0xx_hal_rcc_ex.o
    0x08001000   0x08001000   0x00000002   Code   RO         1568    i.HAL_RCC_CSSCallback  stm32l0xx_hal_rcc.o
    0x08001002   0x08001002   0x00000002   PAD
    0x08001004   0x08001004   0x0000016c   Code   RO         1569    i.HAL_RCC_ClockConfig  stm32l0xx_hal_rcc.o
    0x08001170   0x08001170   0x00000014   Code   RO         1571    i.HAL_RCC_EnableCSS  stm32l0xx_hal_rcc.o
    0x08001184   0x08001184   0x00000040   Code   RO         1572    i.HAL_RCC_GetClockConfig  stm32l0xx_hal_rcc.o
    0x080011c4   0x080011c4   0x00000020   Code   RO         1575    i.HAL_RCC_GetPCLK1Freq  stm32l0xx_hal_rcc.o
    0x080011e4   0x080011e4   0x00000020   Code   RO         1576    i.HAL_RCC_GetPCLK2Freq  stm32l0xx_hal_rcc.o
    0x08001204   0x08001204   0x00000078   Code   RO         1577    i.HAL_RCC_GetSysClockFreq  stm32l0xx_hal_rcc.o
    0x0800127c   0x0800127c   0x00000018   Code   RO         1579    i.HAL_RCC_NMI_IRQHandler  stm32l0xx_hal_rcc.o
    0x08001294   0x08001294   0x0000041c   Code   RO         1580    i.HAL_RCC_OscConfig  stm32l0xx_hal_rcc.o
    0x080016b0   0x080016b0   0x00000002   Code   RO         2578    i.HAL_RTCEx_WakeUpTimerEventCallback  stm32l0xx_hal_rtc_ex.o
    0x080016b2   0x080016b2   0x00000002   PAD
    0x080016b4   0x080016b4   0x00000038   Code   RO         2579    i.HAL_RTCEx_WakeUpTimerIRQHandler  stm32l0xx_hal_rtc_ex.o
    0x080016ec   0x080016ec   0x00000030   Code   RO         2765    i.HAL_SPI_DeInit    stm32l0xx_hal_spi.o
    0x0800171c   0x0800171c   0x00000080   Code   RO         2770    i.HAL_SPI_Init      stm32l0xx_hal_spi.o
    0x0800179c   0x0800179c   0x00000028   Code   RO          443    i.HAL_SPI_MspDeInit  spi.o
    0x080017c4   0x080017c4   0x00000058   Code   RO          444    i.HAL_SPI_MspInit   spi.o
    0x0800181c   0x0800181c   0x000001f0   Code   RO         2779    i.HAL_SPI_TransmitReceive  stm32l0xx_hal_spi.o
    0x08001a0c   0x08001a0c   0x00000034   Code   RO         3079    i.HAL_TIM_Base_Init  stm32l0xx_hal_tim.o
    0x08001a40   0x08001a40   0x00000002   Code   RO         3081    i.HAL_TIM_Base_MspInit  stm32l0xx_hal_tim.o
    0x08001a42   0x08001a42   0x00000020   Code   RO         3084    i.HAL_TIM_Base_Start_IT  stm32l0xx_hal_tim.o
    0x08001a62   0x08001a62   0x00000002   Code   RO         3108    i.HAL_TIM_IC_CaptureCallback  stm32l0xx_hal_tim.o
    0x08001a64   0x08001a64   0x00000126   Code   RO         3122    i.HAL_TIM_IRQHandler  stm32l0xx_hal_tim.o
    0x08001b8a   0x08001b8a   0x00000002   Code   RO         3125    i.HAL_TIM_OC_DelayElapsedCallback  stm32l0xx_hal_tim.o
    0x08001b8c   0x08001b8c   0x00000002   Code   RO         3152    i.HAL_TIM_PWM_PulseFinishedCallback  stm32l0xx_hal_tim.o
    0x08001b8e   0x08001b8e   0x00000002   PAD
    0x08001b90   0x08001b90   0x00000050   Code   RO          251    i.HAL_TIM_PeriodElapsedCallback  main.o
    0x08001be0   0x08001be0   0x00000002   Code   RO         3165    i.HAL_TIM_TriggerCallback  stm32l0xx_hal_tim.o
    0x08001be2   0x08001be2   0x0000003a   Code   RO         3793    i.HAL_UART_DeInit   stm32l0xx_hal_uart.o
    0x08001c1c   0x08001c1c   0x0000006a   Code   RO         3798    i.HAL_UART_Init     stm32l0xx_hal_uart.o
    0x08001c86   0x08001c86   0x00000002   PAD
    0x08001c88   0x08001c88   0x0000002c   Code   RO          481    i.HAL_UART_MspDeInit  usart.o
    0x08001cb4   0x08001cb4   0x00000058   Code   RO          482    i.HAL_UART_MspInit  usart.o
    0x08001d0c   0x08001d0c   0x000000ce   Code   RO         3806    i.HAL_UART_Transmit  stm32l0xx_hal_uart.o
    0x08001dda   0x08001dda   0x00000002   Code   RO          520    i.HardFault_Handler  stm32l0xx_it.o
    0x08001ddc   0x08001ddc   0x00000044   Code   RO         4613    i.I2C_Ack           bsp_eeprom.o
    0x08001e20   0x08001e20   0x0000000c   Code   RO         4615    i.I2C_Delay         bsp_eeprom.o
    0x08001e2c   0x08001e2c   0x00000038   Code   RO         4616    i.I2C_NAck          bsp_eeprom.o
    0x08001e64   0x08001e64   0x00000050   Code   RO         4617    i.I2C_ReadByte      bsp_eeprom.o
    0x08001eb4   0x08001eb4   0x00000060   Code   RO         4618    i.I2C_SendByte      bsp_eeprom.o
    0x08001f14   0x08001f14   0x00000044   Code   RO         4619    i.I2C_Start         bsp_eeprom.o
    0x08001f58   0x08001f58   0x00000030   Code   RO         4620    i.I2C_Stop          bsp_eeprom.o
    0x08001f88   0x08001f88   0x0000004c   Code   RO         4621    i.I2C_WaitAck       bsp_eeprom.o
    0x08001fd4   0x08001fd4   0x00000088   Code   RO         4697    i.Line_1A_WT588S    speak_hal.o
    0x0800205c   0x0800205c   0x000000e0   Code   RO         4253    i.LoRaConfig_Check  sx127x_driver.o
    0x0800213c   0x0800213c   0x0000006c   Code   RO          369    i.MX_ADC_Init       adc.o
    0x080021a8   0x080021a8   0x00000130   Code   RO          347    i.MX_GPIO_Init      gpio.o
    0x080022d8   0x080022d8   0x00000024   Code   RO          252    i.MX_NVIC_Init      main.o
    0x080022fc   0x080022fc   0x00000040   Code   RO          445    i.MX_SPI1_Init      spi.o
    0x0800233c   0x0800233c   0x00000038   Code   RO          483    i.MX_USART1_UART_Init  usart.o
    0x08002374   0x08002374   0x00000008   Code   RO          521    i.NMI_Handler       stm32l0xx_it.o
    0x0800237c   0x0800237c   0x00000044   Code   RO         2317    i.NVIC_SetPriority  stm32l0xx_hal_cortex.o
    0x080023c0   0x080023c0   0x00000002   Code   RO          522    i.PendSV_Handler    stm32l0xx_it.o
    0x080023c2   0x080023c2   0x00000002   PAD
    0x080023c4   0x080023c4   0x00000010   Code   RO          523    i.RTC_IRQHandler    stm32l0xx_it.o
    0x080023d4   0x080023d4   0x00000042   Code   RO         2808    i.SPI_EndRxTxTransaction  stm32l0xx_hal_spi.o
    0x08002416   0x08002416   0x0000008c   Code   RO         2813    i.SPI_WaitFlagStateUntilTimeout  stm32l0xx_hal_spi.o
    0x080024a2   0x080024a2   0x00000002   Code   RO          524    i.SVC_Handler       stm32l0xx_it.o
    0x080024a4   0x080024a4   0x0000001e   Code   RO         4254    i.SX127XWriteRxTx   sx127x_driver.o
    0x080024c2   0x080024c2   0x00000002   PAD
    0x080024c4   0x080024c4   0x00000014   Code   RO         4459    i.SX127X_DIO0_GetState  sx127x_hal.o
    0x080024d8   0x080024d8   0x000000a0   Code   RO         4259    i.SX127X_FreqSet    sx127x_driver.o
    0x08002578   0x08002578   0x00000100   Code   RO         4261    i.SX127X_Lora_init  sx127x_driver.o
    0x08002678   0x08002678   0x00000010   Code   RO         4465    i.SX127X_NSS_OUTPUT  sx127x_hal.o
    0x08002688   0x08002688   0x0000005c   Code   RO         4262    i.SX127X_PoutSet    sx127x_driver.o
    0x080026e4   0x080026e4   0x00000002   Code   RO         4467    i.SX127X_RXE_OUTPUT  sx127x_hal.o
    0x080026e6   0x080026e6   0x0000000a   Code   RO         4263    i.SX127X_Read       sx127x_driver.o
    0x080026f0   0x080026f0   0x00000032   Code   RO         4468    i.SX127X_ReadBuffer  sx127x_hal.o
    0x08002722   0x08002722   0x0000000e   Code   RO         4264    i.SX127X_ReadFifo   sx127x_driver.o
    0x08002730   0x08002730   0x00000020   Code   RO         4469    i.SX127X_ReadWriteByte  sx127x_hal.o
    0x08002750   0x08002750   0x0000002c   Code   RO         4265    i.SX127X_Reset      sx127x_driver.o
    0x0800277c   0x0800277c   0x00000088   Code   RO         4266    i.SX127X_RxPacket   sx127x_driver.o
    0x08002804   0x08002804   0x00000014   Code   RO         4267    i.SX127X_SleepMode  sx127x_driver.o
    0x08002818   0x08002818   0x0000000c   Code   RO         4268    i.SX127X_StandbyMode  sx127x_driver.o
    0x08002824   0x08002824   0x00000058   Code   RO         4269    i.SX127X_StartRx    sx127x_driver.o
    0x0800287c   0x0800287c   0x00000002   Code   RO         4470    i.SX127X_TXE_OUTPUT  sx127x_hal.o
    0x0800287e   0x0800287e   0x00000002   PAD
    0x08002880   0x08002880   0x00000064   Code   RO         4270    i.SX127X_TxPacket   sx127x_driver.o
    0x080028e4   0x080028e4   0x0000000c   Code   RO         4274    i.SX127X_Write      sx127x_driver.o
    0x080028f0   0x080028f0   0x00000032   Code   RO         4471    i.SX127X_WriteBuffer  sx127x_hal.o
    0x08002922   0x08002922   0x00000002   Code   RO          525    i.SysTick_Handler   stm32l0xx_it.o
    0x08002924   0x08002924   0x00000084   Code   RO          253    i.SystemClock_Config  main.o
    0x080029a8   0x080029a8   0x00000054   Code   RO         4187    i.SystemInit        system_stm32l0xx.o
    0x080029fc   0x080029fc   0x00000010   Code   RO          526    i.TIM2_IRQHandler   stm32l0xx_it.o
    0x08002a0c   0x08002a0c   0x00000058   Code   RO         3167    i.TIM_Base_SetConfig  stm32l0xx_hal_tim.o
    0x08002a64   0x08002a64   0x000000ca   Code   RO         3811    i.UART_AdvFeatureConfig  stm32l0xx_hal_uart.o
    0x08002b2e   0x08002b2e   0x00000002   PAD
    0x08002b30   0x08002b30   0x00000060   Code   RO         3812    i.UART_CheckIdleState  stm32l0xx_hal_uart.o
    0x08002b90   0x08002b90   0x00000228   Code   RO         3827    i.UART_SetConfig    stm32l0xx_hal_uart.o
    0x08002db8   0x08002db8   0x00000062   Code   RO         3830    i.UART_WaitOnFlagUntilTimeout  stm32l0xx_hal_uart.o
    0x08002e1a   0x08002e1a   0x00000002   PAD
    0x08002e1c   0x08002e1c   0x00000020   Code   RO         4958    i.__0printf$8       mc_p.l(printf8.o)
    0x08002e3c   0x08002e3c   0x0000002e   Code   RO         5046    i.__ARM_clz         mf_p.l(depilogue.o)
    0x08002e6a   0x08002e6a   0x0000001a   Code   RO           99    i.__ARM_common_switch8  main_app.o
    0x08002e84   0x08002e84   0x0000000e   Code   RO         5062    i.__scatterload_copy  mc_p.l(handlers.o)
    0x08002e92   0x08002e92   0x00000002   Code   RO         5063    i.__scatterload_null  mc_p.l(handlers.o)
    0x08002e94   0x08002e94   0x0000000e   Code   RO         5064    i.__scatterload_zeroinit  mc_p.l(handlers.o)
    0x08002ea2   0x08002ea2   0x00000002   PAD
    0x08002ea4   0x08002ea4   0x00000428   Code   RO         4965    i._printf_core      mc_p.l(printf8.o)
    0x080032cc   0x080032cc   0x00000020   Code   RO         4966    i._printf_post_padding  mc_p.l(printf8.o)
    0x080032ec   0x080032ec   0x0000002c   Code   RO         4967    i._printf_pre_padding  mc_p.l(printf8.o)
    0x08003318   0x08003318   0x0000007c   Code   RO           12    i.app_lora_config_init  main_app.o
    0x08003394   0x08003394   0x00000044   Code   RO          254    i.bsp_init_main_key  main.o
    0x080033d8   0x080033d8   0x00000048   Code   RO           13    i.check_factory_parameter  main_app.o
    0x08003420   0x08003420   0x000000ac   Code   RO           14    i.check_key_password  main_app.o
    0x080034cc   0x080034cc   0x000000b0   Code   RO           15    i.check_rung_state  main_app.o
    0x0800357c   0x0800357c   0x00000114   Code   RO           16    i.chuchang_lora_process  main_app.o
    0x08003690   0x08003690   0x00000024   Code   RO         4698    i.delay_2us         speak_hal.o
    0x080036b4   0x080036b4   0x000003fc   Code   RO           17    i.factory_parameter_set  main_app.o
    0x08003ab0   0x08003ab0   0x000000bc   Code   RO           18    i.fangchai_runing   main_app.o
    0x08003b6c   0x08003b6c   0x0000001c   Code   RO         4220    i.fputc             debug_usart_hal.o
    0x08003b88   0x08003b88   0x00000070   Code   RO           19    i.key_password_set  main_app.o
    0x08003bf8   0x08003bf8   0x000001d4   Code   RO           20    i.lora_process      main_app.o
    0x08003dcc   0x08003dcc   0x00000048   Code   RO          255    i.main              main.o
    0x08003e14   0x08003e14   0x00000040   Code   RO           21    i.pin_pack          main_app.o
    0x08003e54   0x08003e54   0x000000c8   Code   RO           22    i.rang_runing       main_app.o
    0x08003f1c   0x08003f1c   0x00000028   Code   RO         4560    i.scan_key          key_hal.o
    0x08003f44   0x08003f44   0x00000048   Code   RO          256    i.sleep_init        main.o
    0x08003f8c   0x08003f8c   0x00000010   Code   RO          257    i.sleep_open        main.o
    0x08003f9c   0x08003f9c   0x000000e0   Code   RO          258    i.stop_mode_config  main.o
    0x0800407c   0x0800407c   0x00000028   Code   RO          259    i.valve_enter_ed_stop_mode  main.o
    0x080040a4   0x080040a4   0x00000019   Data   RO         4188    .constdata          system_stm32l0xx.o
    0x080040bd   0x080040bd   0x00000008   Data   RO         4189    .constdata          system_stm32l0xx.o
    0x080040c5   0x080040c5   0x00000003   PAD
    0x080040c8   0x080040c8   0x00000020   Data   RO         5060    Region$$Table       anon$$obj.o


    Execution Region RW_IRAM1 (Exec base: 0x20000000, Load base: 0x080040e8, Size: 0x00001280, Max: 0x00002000, ABSOLUTE)

    Exec Addr    Load Addr    Size         Type   Attr      Idx    E Section Name        Object

    0x20000000   0x080040e8   0x0000003c   Data   RW           25    .data               main_app.o
    0x2000003c   0x08004124   0x00000001   Data   RW           28    .data               main_app.o
    0x2000003d   0x08004125   0x00000003   PAD
    0x20000040   0x08004128   0x00000004   Data   RW          260    .data               main.o
    0x20000044   0x0800412c   0x00000001   Data   RW          261    .data               main.o
    0x20000045   0x0800412d   0x00000003   PAD
    0x20000048   0x08004130   0x00000004   Data   RW          905    .data               stm32l0xx_hal.o
    0x2000004c   0x08004134   0x00000004   Data   RW         4190    .data               system_stm32l0xx.o
    0x20000050   0x08004138   0x00000014   Data   RW         4279    .data               sx127x_driver.o
    0x20000064   0x0800414c   0x00000001   Data   RW         4561    .data               key_hal.o
    0x20000065   0x0800414d   0x00000003   PAD
    0x20000068   0x08004150   0x00000004   Data   RW         5036    .data               mc_p.l(stdout.o)
    0x2000006c        -       0x0000006e   Zero   RW           24    .bss                main_app.o
    0x200000da   0x08004154   0x00000002   PAD
    0x200000dc        -       0x0000005c   Zero   RW          370    .bss                adc.o
    0x20000138        -       0x00000024   Zero   RW          408    .bss                rtc.o
    0x2000015c        -       0x00000058   Zero   RW          446    .bss                spi.o
    0x200001b4        -       0x00000080   Zero   RW          484    .bss                usart.o
    0x20000234        -       0x0000003c   Zero   RW          608    .bss                stm32l0xx_hal_timebase_tim.o
    0x20000270        -       0x00000010   Zero   RW         4277    .bss                sx127x_driver.o
    0x20000280        -       0x00001000   Zero   RW            1    STACK               startup_stm32l051xx.o


==============================================================================

Image component sizes


      Code (inc. data)   RO Data    RW Data    ZI Data      Debug   Object Name

       188         18          0          0         92       1659   adc.o
       732         34          0          0          0       6271   bsp_eeprom.o
        28         10          0          0          0        488   debug_usart_hal.o
       304         28          0          0          0       1031   gpio.o
       412         44          0          1          0       1660   key_hal.o
       742         78          0          5          0       6219   main.o
      2898        658          0         61        110     370980   main_app.o
         0          0          0          0         36        227   rtc.o
       172         10          0          0          0       1185   speak_hal.o
       192         26          0          0         88       2125   spi.o
        28          8        192          0       4096        648   startup_stm32l051xx.o
        96         16          0          4          0       3224   stm32l0xx_hal.o
       640         26          0          0          0       2983   stm32l0xx_hal_adc.o
       124         24          0          0          0      10535   stm32l0xx_hal_cortex.o
       658         62          0          0          0       5113   stm32l0xx_hal_gpio.o
        24          4          0          0          0        446   stm32l0xx_hal_msp.o
        52          8          0          0          0        644   stm32l0xx_hal_pwr.o
        32          8          0          0          0       1069   stm32l0xx_hal_pwr_ex.o
      1710        110          0          0          0       7844   stm32l0xx_hal_rcc.o
       356         14          0          0          0       1476   stm32l0xx_hal_rcc_ex.o
        58          8          0          0          0       2027   stm32l0xx_hal_rtc_ex.o
       878          0          0          0          0       5490   stm32l0xx_hal_spi.o
       476         10          0          0          0       6697   stm32l0xx_hal_tim.o
       112         18          0          0         60       1027   stm32l0xx_hal_timebase_tim.o
      1318         76          0          0          0       7259   stm32l0xx_hal_uart.o
        92         12          0          0          0       3588   stm32l0xx_it.o
      1206        116          0         20         16      25628   sx127x_driver.o
       172         10          0          0          0       4267   sx127x_hal.o
        84         18         33          4          0       1259   system_stm32l0xx.o
       188         32          0          0        128       2147   usart.o

    ----------------------------------------------------------------------
     13994       1486        260        104       4628     485216   Object Totals
         0          0         32          0          0          0   (incl. Generated)
        22          0          3          9          2          0   (incl. Padding)

    ----------------------------------------------------------------------

      Code (inc. data)   RO Data    RW Data    ZI Data      Debug   Library Member Name

         0          0          0          0          0          0   entry.o
         0          0          0          0          0          0   entry10a.o
         0          0          0          0          0          0   entry11a.o
         8          4          0          0          0          0   entry2.o
         4          0          0          0          0          0   entry5.o
         0          0          0          0          0          0   entry7b.o
         0          0          0          0          0          0   entry8b.o
         8          4          0          0          0          0   entry9a.o
        30          0          0          0          0          0   handlers.o
        36          8          0          0          0         68   init.o
         0          0          0          0          0          0   iusefp.o
        32          0          0          0          0         68   llshl.o
        34          0          0          0          0         68   llushr.o
        36          0          0          0          0        100   memseta.o
      1172         52          0          0          0        324   printf8.o
         0          0          0          4          0          0   stdout.o
        14          0          0          0          0         60   strlen.o
        44          0          0          0          0         72   uidiv.o
        96          0          0          0          0         84   uldiv.o
       240          6          0          0          0         84   ddiv.o
       236          0          0          0          0        216   depilogue.o
        60         10          0          0          0         68   dfixui.o
        28          4          0          0          0         68   dfltui.o
       124          0          0          0          0         72   fdiv.o
       130          0          0          0          0        144   fepilogue.o
        22          0          0          0          0         68   fflti.o

    ----------------------------------------------------------------------
      2362         88          0          4          0       1564   Library Totals
         8          0          0          0          0          0   (incl. Padding)

    ----------------------------------------------------------------------

      Code (inc. data)   RO Data    RW Data    ZI Data      Debug   Library Name

      1514         68          0          4          0        844   mc_p.l
       840         20          0          0          0        720   mf_p.l

    ----------------------------------------------------------------------
      2362         88          0          4          0       1564   Library Totals

    ----------------------------------------------------------------------

==============================================================================


      Code (inc. data)   RO Data    RW Data    ZI Data      Debug   

     16356       1574        260        108       4628     480508   Grand Totals
     16356       1574        260        108       4628     480508   ELF Image Totals
     16356       1574        260        108          0          0   ROM Totals

==============================================================================

    Total RO  Size (Code + RO Data)                16616 (  16.23kB)
    Total RW  Size (RW Data + ZI Data)              4736 (   4.63kB)
    Total ROM Size (Code + RO Data + RW Data)      16724 (  16.33kB)

==============================================================================

